Archive member included to satisfy reference by file (symbol)

/home/fmv/opt/gcc-arm-none-eabi-9-2020-q2-update/bin/../lib/gcc/arm-none-eabi/9.3.1/../../../../arm-none-eabi/lib/thumb/v6-m/nofp/libc_nano.a(lib_a-exit.o)
                              /home/fmv/opt/gcc-arm-none-eabi-9-2020-q2-update/bin/../lib/gcc/arm-none-eabi/9.3.1/../../../../arm-none-eabi/lib/thumb/v6-m/nofp/crt0.o (exit)
/home/fmv/opt/gcc-arm-none-eabi-9-2020-q2-update/bin/../lib/gcc/arm-none-eabi/9.3.1/../../../../arm-none-eabi/lib/thumb/v6-m/nofp/libc_nano.a(lib_a-impure.o)
                              /home/fmv/opt/gcc-arm-none-eabi-9-2020-q2-update/bin/../lib/gcc/arm-none-eabi/9.3.1/../../../../arm-none-eabi/lib/thumb/v6-m/nofp/libc_nano.a(lib_a-exit.o) (_global_impure_ptr)
/home/fmv/opt/gcc-arm-none-eabi-9-2020-q2-update/bin/../lib/gcc/arm-none-eabi/9.3.1/../../../../arm-none-eabi/lib/thumb/v6-m/nofp/libc_nano.a(lib_a-init.o)
                              /home/fmv/opt/gcc-arm-none-eabi-9-2020-q2-update/bin/../lib/gcc/arm-none-eabi/9.3.1/../../../../arm-none-eabi/lib/thumb/v6-m/nofp/crt0.o (__libc_init_array)
/home/fmv/opt/gcc-arm-none-eabi-9-2020-q2-update/bin/../lib/gcc/arm-none-eabi/9.3.1/../../../../arm-none-eabi/lib/thumb/v6-m/nofp/libc_nano.a(lib_a-memset.o)
                              /home/fmv/opt/gcc-arm-none-eabi-9-2020-q2-update/bin/../lib/gcc/arm-none-eabi/9.3.1/../../../../arm-none-eabi/lib/thumb/v6-m/nofp/crt0.o (memset)
/home/fmv/opt/gcc-arm-none-eabi-9-2020-q2-update/bin/../lib/gcc/arm-none-eabi/9.3.1/../../../../arm-none-eabi/lib/thumb/v6-m/nofp/libnosys.a(_exit.o)
                              /home/fmv/opt/gcc-arm-none-eabi-9-2020-q2-update/bin/../lib/gcc/arm-none-eabi/9.3.1/../../../../arm-none-eabi/lib/thumb/v6-m/nofp/libc_nano.a(lib_a-exit.o) (_exit)
/home/fmv/opt/gcc-arm-none-eabi-9-2020-q2-update/bin/../lib/gcc/arm-none-eabi/9.3.1/thumb/v6-m/nofp/libgcc.a(_udivsi3.o)
                              _build/nrf51422_xxac_bsp.c.o (__aeabi_uidiv)
/home/fmv/opt/gcc-arm-none-eabi-9-2020-q2-update/bin/../lib/gcc/arm-none-eabi/9.3.1/thumb/v6-m/nofp/libgcc.a(_divsi3.o)
                              _build/nrf51422_xxac_bsp.c.o (__aeabi_idiv)
/home/fmv/opt/gcc-arm-none-eabi-9-2020-q2-update/bin/../lib/gcc/arm-none-eabi/9.3.1/thumb/v6-m/nofp/libgcc.a(_dvmd_tls.o)
                              /home/fmv/opt/gcc-arm-none-eabi-9-2020-q2-update/bin/../lib/gcc/arm-none-eabi/9.3.1/thumb/v6-m/nofp/libgcc.a(_udivsi3.o) (__aeabi_idiv0)
/home/fmv/opt/gcc-arm-none-eabi-9-2020-q2-update/bin/../lib/gcc/arm-none-eabi/9.3.1/../../../../arm-none-eabi/lib/thumb/v6-m/nofp/libc_nano.a(lib_a-malloc.o)
                              _build/nrf51422_xxac_main.c.o (malloc)
/home/fmv/opt/gcc-arm-none-eabi-9-2020-q2-update/bin/../lib/gcc/arm-none-eabi/9.3.1/../../../../arm-none-eabi/lib/thumb/v6-m/nofp/libc_nano.a(lib_a-memcpy-stub.o)
                              _build/nrf51422_xxac_SEGGER_RTT.c.o (memcpy)
/home/fmv/opt/gcc-arm-none-eabi-9-2020-q2-update/bin/../lib/gcc/arm-none-eabi/9.3.1/../../../../arm-none-eabi/lib/thumb/v6-m/nofp/libc_nano.a(lib_a-nano-freer.o)
                              /home/fmv/opt/gcc-arm-none-eabi-9-2020-q2-update/bin/../lib/gcc/arm-none-eabi/9.3.1/../../../../arm-none-eabi/lib/thumb/v6-m/nofp/libc_nano.a(lib_a-malloc.o) (_free_r)
/home/fmv/opt/gcc-arm-none-eabi-9-2020-q2-update/bin/../lib/gcc/arm-none-eabi/9.3.1/../../../../arm-none-eabi/lib/thumb/v6-m/nofp/libc_nano.a(lib_a-nano-mallocr.o)
                              /home/fmv/opt/gcc-arm-none-eabi-9-2020-q2-update/bin/../lib/gcc/arm-none-eabi/9.3.1/../../../../arm-none-eabi/lib/thumb/v6-m/nofp/libc_nano.a(lib_a-malloc.o) (_malloc_r)
/home/fmv/opt/gcc-arm-none-eabi-9-2020-q2-update/bin/../lib/gcc/arm-none-eabi/9.3.1/../../../../arm-none-eabi/lib/thumb/v6-m/nofp/libc_nano.a(lib_a-printf.o)
                              _build/nrf51422_xxac_main.c.o (printf)
/home/fmv/opt/gcc-arm-none-eabi-9-2020-q2-update/bin/../lib/gcc/arm-none-eabi/9.3.1/../../../../arm-none-eabi/lib/thumb/v6-m/nofp/libc_nano.a(lib_a-sbrkr.o)
                              /home/fmv/opt/gcc-arm-none-eabi-9-2020-q2-update/bin/../lib/gcc/arm-none-eabi/9.3.1/../../../../arm-none-eabi/lib/thumb/v6-m/nofp/libc_nano.a(lib_a-nano-mallocr.o) (_sbrk_r)
/home/fmv/opt/gcc-arm-none-eabi-9-2020-q2-update/bin/../lib/gcc/arm-none-eabi/9.3.1/../../../../arm-none-eabi/lib/thumb/v6-m/nofp/libc_nano.a(lib_a-sprintf.o)
                              _build/nrf51422_xxac_main.c.o (sprintf)
/home/fmv/opt/gcc-arm-none-eabi-9-2020-q2-update/bin/../lib/gcc/arm-none-eabi/9.3.1/../../../../arm-none-eabi/lib/thumb/v6-m/nofp/libc_nano.a(lib_a-strcpy.o)
                              _build/nrf51422_xxac_SEGGER_RTT.c.o (strcpy)
/home/fmv/opt/gcc-arm-none-eabi-9-2020-q2-update/bin/../lib/gcc/arm-none-eabi/9.3.1/../../../../arm-none-eabi/lib/thumb/v6-m/nofp/libc_nano.a(lib_a-strlen.o)
                              _build/nrf51422_xxac_main.c.o (strlen)
[...]
Memory Configuration

Name             Origin             Length             Attributes
FLASH            0x000000000001b000 0x0000000000025000 xr
RAM              0x0000000020001fe8 0x0000000000002018 xrw
*default*        0x0000000000000000 0xffffffffffffffff

Linker script and memory map


.text           0x000000000001b000     0x53c8
 *(.isr_vector)
 .isr_vector    0x000000000001b000       0xc0 _build/nrf51422_xxac_gcc_startup_nrf51.S.o
                0x000000000001b000                __isr_vector
 *(.text*)
 .text          0x000000000001b0c0       0x48 /home/fmv/opt/gcc-arm-none-eabi-9-2020-q2-update/bin/../lib/gcc/arm-none-eabi/9.3.1/thumb/v6-m/nofp/crtbegin.o
 .text          0x000000000001b108       0x80 /home/fmv/opt/gcc-arm-none-eabi-9-2020-q2-update/bin/../lib/gcc/arm-none-eabi/9.3.1/../../../../arm-none-eabi/lib/thumb/v6-m/nofp/crt0.o
                0x000000000001b108                _stack_init
                0x000000000001b114                _mainCRTStartup
                0x000000000001b114                _start
 .text.exit     0x000000000001b188       0x2c /home/fmv/opt/gcc-arm-none-eabi-9-2020-q2-update/bin/../lib/gcc/arm-none-eabi/9.3.1/../../../../arm-none-eabi/lib/thumb/v6-m/nofp/libc_nano.a(lib_a-exit.o)
                0x000000000001b188                exit
 .text.__libc_init_array
                0x000000000001b1b4       0x48 /home/fmv/opt/gcc-arm-none-eabi-9-2020-q2-update/bin/../lib/gcc/arm-none-eabi/9.3.1/../../../../arm-none-eabi/lib/thumb/v6-m/nofp/libc_nano.a(lib_a-init.o)
                0x000000000001b1b4                __libc_init_array
 .text.memset   0x000000000001b1fc       0x10 /home/fmv/opt/gcc-arm-none-eabi-9-2020-q2-update/bin/../lib/gcc/arm-none-eabi/9.3.1/../../../../arm-none-eabi/lib/thumb/v6-m/nofp/libc_nano.a(lib_a-memset.o)
                0x000000000001b1fc                memset
 .text._exit    0x000000000001b20c        0x4 /home/fmv/opt/gcc-arm-none-eabi-9-2020-q2-update/bin/../lib/gcc/arm-none-eabi/9.3.1/../../../../arm-none-eabi/lib/thumb/v6-m/nofp/libnosys.a(_exit.o)
                0x000000000001b20c                _exit
 .text.app_error_handler_bare
                0x000000000001b210       0x20 _build/nrf51422_xxac_app_error.c.o
                0x000000000001b210                app_error_handler_bare
 .text.app_error_fault_handler
                0x000000000001b230       0x1c _build/nrf51422_xxac_app_error_weak.c.o
                0x000000000001b230                app_error_fault_handler
 .text.RTC1_IRQHandler
                0x000000000001b24c       0xdc _build/nrf51422_xxac_app_timer.c.o
                0x000000000001b24c                RTC1_IRQHandler
 .text.SWI0_IRQHandler
                0x000000000001b328      0x510 _build/nrf51422_xxac_app_timer.c.o
                0x000000000001b328                SWI0_IRQHandler
 .text.app_timer_init
                0x000000000001b838      0x128 _build/nrf51422_xxac_app_timer.c.o
                0x000000000001b838                app_timer_init
 .text.app_timer_create
                0x000000000001b960       0x2c _build/nrf51422_xxac_app_timer.c.o
                0x000000000001b960                app_timer_create
 .text.app_timer_start
                0x000000000001b98c       0xc0 _build/nrf51422_xxac_app_timer.c.o
                0x000000000001b98c                app_timer_start
 .text.app_timer_stop
                0x000000000001ba4c       0x88 _build/nrf51422_xxac_app_timer.c.o
                0x000000000001ba4c                app_timer_stop
 .text.app_util_critical_region_enter
                0x000000000001bad4       0x40 _build/nrf51422_xxac_app_util_platform.c.o
                0x000000000001bad4                app_util_critical_region_enter
 .text.app_util_critical_region_exit
                0x000000000001bb14       0x2c _build/nrf51422_xxac_app_util_platform.c.o
                0x000000000001bb14                app_util_critical_region_exit
 .text.fs_queued_op_count_get
                0x000000000001bb40       0x18 _build/nrf51422_xxac_fstorage.c.o
                0x000000000001bb40                fs_queued_op_count_get
 .text.bsp_board_led_state_get
                0x000000000001bb58       0x1c _build/nrf51422_xxac_boards.c.o
                0x000000000001bb58                bsp_board_led_state_get
 .text.bsp_board_led_on
                0x000000000001bb74       0x1c _build/nrf51422_xxac_boards.c.o
                0x000000000001bb74                bsp_board_led_on
 .text.bsp_board_led_off
                0x000000000001bb90       0x18 _build/nrf51422_xxac_boards.c.o
                0x000000000001bb90                bsp_board_led_off
 .text.bsp_board_leds_off
                0x000000000001bba8       0x24 _build/nrf51422_xxac_boards.c.o
                0x000000000001bba8                bsp_board_leds_off
 .text.bsp_board_leds_on
                0x000000000001bbcc       0x24 _build/nrf51422_xxac_boards.c.o
                0x000000000001bbcc                bsp_board_leds_on
 .text.bsp_board_led_invert
                0x000000000001bbf0       0x30 _build/nrf51422_xxac_boards.c.o
                0x000000000001bbf0                bsp_board_led_invert
 .text.bsp_board_button_idx_to_pin
                0x000000000001bc20        0xc _build/nrf51422_xxac_boards.c.o
                0x000000000001bc20                bsp_board_button_idx_to_pin
 .text.POWER_CLOCK_IRQHandler
                0x000000000001bc2c       0x78 _build/nrf51422_xxac_nrf_drv_clock.c.o
                0x000000000001bc2c                POWER_CLOCK_IRQHandler
 .text.nrf_drv_clock_on_soc_event
                0x000000000001bca4       0x24 _build/nrf51422_xxac_nrf_drv_clock.c.o
                0x000000000001bca4                nrf_drv_clock_on_soc_event
 .text.nrf_drv_clock_on_sd_enable
                0x000000000001bcc8       0x6c _build/nrf51422_xxac_nrf_drv_clock.c.o
                0x000000000001bcc8                nrf_drv_clock_on_sd_enable
 .text.nrf_drv_common_irq_enable
                0x000000000001bd34       0x7c _build/nrf51422_xxac_nrf_drv_common.c.o
                0x000000000001bd34                nrf_drv_common_irq_enable
 .text.GPIOTE_IRQHandler
                0x000000000001bdb0      0x4c4 _build/nrf51422_xxac_nrf_drv_gpiote.c.o
                0x000000000001bdb0                GPIOTE_IRQHandler
 .text.UART0_IRQHandler
                0x000000000001c274      0x18c _build/nrf51422_xxac_nrf_drv_uart.c.o
                0x000000000001c274                UART0_IRQHandler
 .text.bsp_indication_set
                0x000000000001c400      0x240 _build/nrf51422_xxac_bsp.c.o
                0x000000000001c400                bsp_indication_set
 .text.bsp_event_to_button_action_assign
                0x000000000001c640       0x50 _build/nrf51422_xxac_bsp.c.o
                0x000000000001c640                bsp_event_to_button_action_assign
 .text.bsp_wakeup_button_enable
                0x000000000001c690       0x30 _build/nrf51422_xxac_bsp.c.o
                0x000000000001c690                bsp_wakeup_button_enable
 .text.bsp_btn_ble_sleep_mode_prepare
                0x000000000001c6c0       0x28 _build/nrf51422_xxac_bsp_btn_ble.c.o
                0x000000000001c6c0                bsp_btn_ble_sleep_mode_prepare
 .text.bsp_btn_ble_on_ble_evt
                0x000000000001c6e8       0xbc _build/nrf51422_xxac_bsp_btn_ble.c.o
                0x000000000001c6e8                bsp_btn_ble_on_ble_evt
 .text.sd_ble_gap_disconnect
                0x000000000001c7a4        0x4 _build/nrf51422_xxac_main.c.o
 .text.sd_ble_gap_ppcp_set
                0x000000000001c7a8        0x4 _build/nrf51422_xxac_main.c.o
 .text.sd_ble_gap_device_name_set
                0x000000000001c7ac        0x4 _build/nrf51422_xxac_main.c.o
 .text.sd_ble_gap_sec_params_reply
                0x000000000001c7b0        0x4 _build/nrf51422_xxac_main.c.o
 .text.sd_ble_gatts_hvx
                0x000000000001c7b4        0x4 _build/nrf51422_xxac_main.c.o
 .text.sd_ble_gatts_rw_authorize_reply
                0x000000000001c7b8        0x4 _build/nrf51422_xxac_main.c.o
 .text.sd_ble_gatts_sys_attr_set
                0x000000000001c7bc        0x4 _build/nrf51422_xxac_main.c.o
 .text.sd_ble_user_mem_reply
                0x000000000001c7c0        0x4 _build/nrf51422_xxac_main.c.o
 .text.sd_power_system_off
                0x000000000001c7c4        0x4 _build/nrf51422_xxac_main.c.o
 .text.sd_app_evt_wait
                0x000000000001c7c8        0x4 _build/nrf51422_xxac_main.c.o
 .text.conn_params_error_handler
                0x000000000001c7cc        0x8 _build/nrf51422_xxac_main.c.o
 .text.on_conn_params_evt
                0x000000000001c7d4       0x24 _build/nrf51422_xxac_main.c.o
 .text.on_adv_evt
                0x000000000001c7f8       0x48 _build/nrf51422_xxac_main.c.o
 .text.ble_uart_data_send
                0x000000000001c840      0x2bc _build/nrf51422_xxac_main.c.o
                0x000000000001c840                ble_uart_data_send
 .text.ble_evt_dispatch
                0x000000000001cafc      0x128 _build/nrf51422_xxac_main.c.o
 .text.nus_data_handler
                0x000000000001cc24      0x178 _build/nrf51422_xxac_main.c.o
 .text.startup.main
                0x000000000001cd9c      0x200 _build/nrf51422_xxac_main.c.o
                0x000000000001cd9c                main
 .text.circular_buf_init
                0x000000000001cf9c       0x1c _build/nrf51422_xxac_utils.c.o
                0x000000000001cf9c                circular_buf_init
 .text._write_r
                0x000000000001cfb8       0x14 _build/nrf51422_xxac_RTT_Syscalls_GCC.c.o
                0x000000000001cfb8                _write_r
 .text.SEGGER_RTT_Write
                0x000000000001cfcc      0x218 _build/nrf51422_xxac_SEGGER_RTT.c.o
                0x000000000001cfcc                SEGGER_RTT_Write
 .text.sd_ble_gap_address_get
                0x000000000001d1e4        0x4 _build/nrf51422_xxac_ble_advdata.c.o
 .text.sd_ble_gap_adv_data_set
                0x000000000001d1e8        0x4 _build/nrf51422_xxac_ble_advdata.c.o
 .text.sd_ble_gap_appearance_get
                0x000000000001d1ec        0x4 _build/nrf51422_xxac_ble_advdata.c.o
 .text.sd_ble_gap_device_name_get
                0x000000000001d1f0        0x4 _build/nrf51422_xxac_ble_advdata.c.o
 .text.sd_ble_uuid_encode
                0x000000000001d1f4        0x4 _build/nrf51422_xxac_ble_advdata.c.o
 .text.uuid_list_sized_encode.isra.0
                0x000000000001d1f8       0xf8 _build/nrf51422_xxac_ble_advdata.c.o
 .text.adv_data_encode
                0x000000000001d2f0      0x428 _build/nrf51422_xxac_ble_advdata.c.o
                0x000000000001d2f0                adv_data_encode
 .text.ble_advdata_set
                0x000000000001d718       0x6c _build/nrf51422_xxac_ble_advdata.c.o
                0x000000000001d718                ble_advdata_set
 .text.sd_ble_gap_adv_start
                0x000000000001d784        0x4 _build/nrf51422_xxac_ble_advertising.c.o
 .text.ble_advertising_start.part.0
                0x000000000001d788      0x234 _build/nrf51422_xxac_ble_advertising.c.o
 .text.ble_advertising_init
                0x000000000001d9bc      0x1b0 _build/nrf51422_xxac_ble_advertising.c.o
                0x000000000001d9bc                ble_advertising_init
 .text.ble_advertising_start
                0x000000000001db6c       0x44 _build/nrf51422_xxac_ble_advertising.c.o
                0x000000000001db6c                ble_advertising_start
 .text.ble_advertising_on_ble_evt
                0x000000000001dbb0       0xc0 _build/nrf51422_xxac_ble_advertising.c.o
                0x000000000001dbb0                ble_advertising_on_ble_evt
 .text.sd_ble_gap_conn_param_update
                0x000000000001dc70        0x4 _build/nrf51422_xxac_ble_conn_params.c.o
 .text.sd_ble_gap_disconnect
                0x000000000001dc74        0x4 _build/nrf51422_xxac_ble_conn_params.c.o
 .text.sd_ble_gap_ppcp_set
                0x000000000001dc78        0x4 _build/nrf51422_xxac_ble_conn_params.c.o
 .text.sd_ble_gap_ppcp_get
                0x000000000001dc7c        0x4 _build/nrf51422_xxac_ble_conn_params.c.o
 .text.update_timeout_handler
                0x000000000001dc80       0x78 _build/nrf51422_xxac_ble_conn_params.c.o
 .text.conn_params_negotiation
                0x000000000001dcf8       0x88 _build/nrf51422_xxac_ble_conn_params.c.o
 .text.ble_conn_params_init
                0x000000000001dd80       0x78 _build/nrf51422_xxac_ble_conn_params.c.o
                0x000000000001dd80                ble_conn_params_init
 .text.ble_conn_params_on_ble_evt
                0x000000000001ddf8       0xa8 _build/nrf51422_xxac_ble_conn_params.c.o
                0x000000000001ddf8                ble_conn_params_on_ble_evt
 .text.ble_srv_is_notification_enabled
                0x000000000001dea0        0x8 _build/nrf51422_xxac_ble_srv_common.c.o
                0x000000000001dea0                ble_srv_is_notification_enabled
 .text          0x000000000001dea8       0x4c _build/nrf51422_xxac_gcc_startup_nrf51.S.o
                0x000000000001dea8                Reset_Handler
                0x000000000001dee8                NMI_Handler
                0x000000000001deea                HardFault_Handler
                0x000000000001deec                SVC_Handler
                0x000000000001deee                PendSV_Handler
                0x000000000001def0                SysTick_Handler
                0x000000000001def2                TIMER2_IRQHandler
                0x000000000001def2                SPI0_TWI0_IRQHandler
                0x000000000001def2                RTC0_IRQHandler
                0x000000000001def2                RADIO_IRQHandler
                0x000000000001def2                LPCOMP_IRQHandler
                0x000000000001def2                SWI4_IRQHandler
                0x000000000001def2                TEMP_IRQHandler
                0x000000000001def2                QDEC_IRQHandler
                0x000000000001def2                SWI5_IRQHandler
                0x000000000001def2                TIMER0_IRQHandler
                0x000000000001def2                TIMER1_IRQHandler
                0x000000000001def2                ECB_IRQHandler
                0x000000000001def2                Default_Handler
                0x000000000001def2                ADC_IRQHandler
                0x000000000001def2                SWI3_IRQHandler
                0x000000000001def2                CCM_AAR_IRQHandler
                0x000000000001def2                WDT_IRQHandler
                0x000000000001def2                RNG_IRQHandler
                0x000000000001def2                SPI1_TWI1_IRQHandler
                0x000000000001def2                SWI1_IRQHandler
 .text.SystemInit
                0x000000000001def4       0xe0 _build/nrf51422_xxac_system_nrf51.c.o
                0x000000000001def4                SystemInit
 .text.sd_ble_gatts_service_add
                0x000000000001dfd4        0x4 _build/nrf51422_xxac_ble_nus.c.o
 .text.sd_ble_gatts_characteristic_add
                0x000000000001dfd8        0x4 _build/nrf51422_xxac_ble_nus.c.o
 .text.sd_ble_gatts_hvx
                0x000000000001dfdc        0x4 _build/nrf51422_xxac_ble_nus.c.o
 .text.sd_ble_uuid_vs_add
                0x000000000001dfe0        0x4 _build/nrf51422_xxac_ble_nus.c.o
 .text.ble_nus_on_ble_evt
                0x000000000001dfe4       0x64 _build/nrf51422_xxac_ble_nus.c.o
                0x000000000001dfe4                ble_nus_on_ble_evt
 .text.ble_nus_init
                0x000000000001e048      0x190 _build/nrf51422_xxac_ble_nus.c.o
                0x000000000001e048                ble_nus_init
 .text.ble_nus_string_send
                0x000000000001e1d8       0x5c _build/nrf51422_xxac_ble_nus.c.o
                0x000000000001e1d8                ble_nus_string_send
 .text.sd_evt_get
                0x000000000001e234        0x4 _build/nrf51422_xxac_softdevice_handler.c.o
 .text.sd_softdevice_enable
                0x000000000001e238        0x4 _build/nrf51422_xxac_softdevice_handler.c.o
 .text.sd_ble_enable
                0x000000000001e23c        0x4 _build/nrf51422_xxac_softdevice_handler.c.o
 .text.sd_ble_evt_get
                0x000000000001e240        0x4 _build/nrf51422_xxac_softdevice_handler.c.o
 .text.softdevice_fault_handler
                0x000000000001e244        0x8 _build/nrf51422_xxac_softdevice_handler.c.o
                0x000000000001e244                softdevice_fault_handler
 .text.intern_softdevice_events_execute.part.0
                0x000000000001e24c       0xe4 _build/nrf51422_xxac_softdevice_handler.c.o
 .text.softdevice_handler_is_enabled
                0x000000000001e330        0xc _build/nrf51422_xxac_softdevice_handler.c.o
                0x000000000001e330                softdevice_handler_is_enabled
 .text.softdevice_handler_init
                0x000000000001e33c       0x9c _build/nrf51422_xxac_softdevice_handler.c.o
                0x000000000001e33c                softdevice_handler_init
 .text.softdevice_ble_evt_handler_set
                0x000000000001e3d8       0x14 _build/nrf51422_xxac_softdevice_handler.c.o
                0x000000000001e3d8                softdevice_ble_evt_handler_set
 .text.SWI2_IRQHandler
                0x000000000001e3ec       0x30 _build/nrf51422_xxac_softdevice_handler.c.o
                0x000000000001e3ec                SWI2_IRQHandler
 .text.softdevice_enable_get_default_config
                0x000000000001e41c       0x30 _build/nrf51422_xxac_softdevice_handler.c.o
                0x000000000001e41c                softdevice_enable_get_default_config
 .text.softdevice_enable
                0x000000000001e44c       0x1c _build/nrf51422_xxac_softdevice_handler.c.o
                0x000000000001e44c                softdevice_enable
 .text          0x000000000001e468      0x114 /home/fmv/opt/gcc-arm-none-eabi-9-2020-q2-update/bin/../lib/gcc/arm-none-eabi/9.3.1/thumb/v6-m/nofp/libgcc.a(_udivsi3.o)
                0x000000000001e468                __udivsi3
                0x000000000001e468                __aeabi_uidiv
                0x000000000001e574                __aeabi_uidivmod
 .text          0x000000000001e57c      0x1d4 /home/fmv/opt/gcc-arm-none-eabi-9-2020-q2-update/bin/../lib/gcc/arm-none-eabi/9.3.1/thumb/v6-m/nofp/libgcc.a(_divsi3.o)
                0x000000000001e57c                __aeabi_idiv
                0x000000000001e57c                __divsi3
                0x000000000001e748                __aeabi_idivmod
 .text          0x000000000001e750        0x4 /home/fmv/opt/gcc-arm-none-eabi-9-2020-q2-update/bin/../lib/gcc/arm-none-eabi/9.3.1/thumb/v6-m/nofp/libgcc.a(_dvmd_tls.o)
                0x000000000001e750                __aeabi_ldiv0
                0x000000000001e750                __aeabi_idiv0
 .text.malloc   0x000000000001e754       0x14 /home/fmv/opt/gcc-arm-none-eabi-9-2020-q2-update/bin/../lib/gcc/arm-none-eabi/9.3.1/../../../../arm-none-eabi/lib/thumb/v6-m/nofp/libc_nano.a(lib_a-malloc.o)
                0x000000000001e754                malloc
 .text.memcpy   0x000000000001e768       0x12 /home/fmv/opt/gcc-arm-none-eabi-9-2020-q2-update/bin/../lib/gcc/arm-none-eabi/9.3.1/../../../../arm-none-eabi/lib/thumb/v6-m/nofp/libc_nano.a(lib_a-memcpy-stub.o)
                0x000000000001e768                memcpy
 *fill*         0x000000000001e77a        0x2 
 .text._free_r  0x000000000001e77c       0x94 /home/fmv/opt/gcc-arm-none-eabi-9-2020-q2-update/bin/../lib/gcc/arm-none-eabi/9.3.1/../../../../arm-none-eabi/lib/thumb/v6-m/nofp/libc_nano.a(lib_a-nano-freer.o)
                0x000000000001e77c                _free_r
 .text._malloc_r
                0x000000000001e810       0xbc /home/fmv/opt/gcc-arm-none-eabi-9-2020-q2-update/bin/../lib/gcc/arm-none-eabi/9.3.1/../../../../arm-none-eabi/lib/thumb/v6-m/nofp/libc_nano.a(lib_a-nano-mallocr.o)
                0x000000000001e810                _malloc_r
 .text.printf   0x000000000001e8cc       0x34 /home/fmv/opt/gcc-arm-none-eabi-9-2020-q2-update/bin/../lib/gcc/arm-none-eabi/9.3.1/../../../../arm-none-eabi/lib/thumb/v6-m/nofp/libc_nano.a(lib_a-printf.o)
                0x000000000001e8cc                printf
                0x000000000001e8cc                iprintf
 .text._sbrk_r  0x000000000001e900       0x24 /home/fmv/opt/gcc-arm-none-eabi-9-2020-q2-update/bin/../lib/gcc/arm-none-eabi/9.3.1/../../../../arm-none-eabi/lib/thumb/v6-m/nofp/libc_nano.a(lib_a-sbrkr.o)
                0x000000000001e900                _sbrk_r
 .text.sprintf  0x000000000001e924       0x40 /home/fmv/opt/gcc-arm-none-eabi-9-2020-q2-update/bin/../lib/gcc/arm-none-eabi/9.3.1/../../../../arm-none-eabi/lib/thumb/v6-m/nofp/libc_nano.a(lib_a-sprintf.o)
                0x000000000001e924                sprintf
                0x000000000001e924                siprintf
 .text.strcpy   0x000000000001e964       0x10 /home/fmv/opt/gcc-arm-none-eabi-9-2020-q2-update/bin/../lib/gcc/arm-none-eabi/9.3.1/../../../../arm-none-eabi/lib/thumb/v6-m/nofp/libc_nano.a(lib_a-strcpy.o)
                0x000000000001e964                strcpy
 .text          0x000000000001e974        0xe /home/fmv/opt/gcc-arm-none-eabi-9-2020-q2-update/bin/../lib/gcc/arm-none-eabi/9.3.1/../../../../arm-none-eabi/lib/thumb/v6-m/nofp/libc_nano.a(lib_a-strlen.o)
                0x000000000001e974                strlen
 .text.strncmp  0x000000000001e982       0x22 /home/fmv/opt/gcc-arm-none-eabi-9-2020-q2-update/bin/../lib/gcc/arm-none-eabi/9.3.1/../../../../arm-none-eabi/lib/thumb/v6-m/nofp/libc_nano.a(lib_a-strncmp.o)
                0x000000000001e982                strncmp
 .text.strncpy  0x000000000001e9a4       0x28 /home/fmv/opt/gcc-arm-none-eabi-9-2020-q2-update/bin/../lib/gcc/arm-none-eabi/9.3.1/../../../../arm-none-eabi/lib/thumb/v6-m/nofp/libc_nano.a(lib_a-strncpy.o)
                0x000000000001e9a4                strncpy
 .text._strtoull_l.isra.0
                0x000000000001e9cc      0x15c /home/fmv/opt/gcc-arm-none-eabi-9-2020-q2-update/bin/../lib/gcc/arm-none-eabi/9.3.1/../../../../arm-none-eabi/lib/thumb/v6-m/nofp/libc_nano.a(lib_a-strtoull.o)
 .text.strtoull
                0x000000000001eb28       0x18 /home/fmv/opt/gcc-arm-none-eabi-9-2020-q2-update/bin/../lib/gcc/arm-none-eabi/9.3.1/../../../../arm-none-eabi/lib/thumb/v6-m/nofp/libc_nano.a(lib_a-strtoull.o)
                0x000000000001eb28                strtoull
 .text.std      0x000000000001eb40       0x48 /home/fmv/opt/gcc-arm-none-eabi-9-2020-q2-update/bin/../lib/gcc/arm-none-eabi/9.3.1/../../../../arm-none-eabi/lib/thumb/v6-m/nofp/libc_nano.a(lib_a-findfp.o)
 .text._cleanup_r
                0x000000000001eb88       0x10 /home/fmv/opt/gcc-arm-none-eabi-9-2020-q2-update/bin/../lib/gcc/arm-none-eabi/9.3.1/../../../../arm-none-eabi/lib/thumb/v6-m/nofp/libc_nano.a(lib_a-findfp.o)
                0x000000000001eb88                _cleanup_r
 .text.__sfmoreglue
                0x000000000001eb98       0x2c /home/fmv/opt/gcc-arm-none-eabi-9-2020-q2-update/bin/../lib/gcc/arm-none-eabi/9.3.1/../../../../arm-none-eabi/lib/thumb/v6-m/nofp/libc_nano.a(lib_a-findfp.o)
                0x000000000001eb98                __sfmoreglue
 .text.__sfp_lock_acquire
                0x000000000001ebc4       0x10 /home/fmv/opt/gcc-arm-none-eabi-9-2020-q2-update/bin/../lib/gcc/arm-none-eabi/9.3.1/../../../../arm-none-eabi/lib/thumb/v6-m/nofp/libc_nano.a(lib_a-findfp.o)
                0x000000000001ebc4                __sfp_lock_acquire
 .text.__sfp_lock_release
                0x000000000001ebd4       0x10 /home/fmv/opt/gcc-arm-none-eabi-9-2020-q2-update/bin/../lib/gcc/arm-none-eabi/9.3.1/../../../../arm-none-eabi/lib/thumb/v6-m/nofp/libc_nano.a(lib_a-findfp.o)
                0x000000000001ebd4                __sfp_lock_release
 .text.__sinit_lock_acquire
                0x000000000001ebe4       0x10 /home/fmv/opt/gcc-arm-none-eabi-9-2020-q2-update/bin/../lib/gcc/arm-none-eabi/9.3.1/../../../../arm-none-eabi/lib/thumb/v6-m/nofp/libc_nano.a(lib_a-findfp.o)
                0x000000000001ebe4                __sinit_lock_acquire
 .text.__sinit_lock_release
                0x000000000001ebf4       0x10 /home/fmv/opt/gcc-arm-none-eabi-9-2020-q2-update/bin/../lib/gcc/arm-none-eabi/9.3.1/../../../../arm-none-eabi/lib/thumb/v6-m/nofp/libc_nano.a(lib_a-findfp.o)
                0x000000000001ebf4                __sinit_lock_release
 .text.__sinit  0x000000000001ec04       0x70 /home/fmv/opt/gcc-arm-none-eabi-9-2020-q2-update/bin/../lib/gcc/arm-none-eabi/9.3.1/../../../../arm-none-eabi/lib/thumb/v6-m/nofp/libc_nano.a(lib_a-findfp.o)
                0x000000000001ec04                __sinit
 .text.__sfp    0x000000000001ec74       0x90 /home/fmv/opt/gcc-arm-none-eabi-9-2020-q2-update/bin/../lib/gcc/arm-none-eabi/9.3.1/../../../../arm-none-eabi/lib/thumb/v6-m/nofp/libc_nano.a(lib_a-findfp.o)
                0x000000000001ec74                __sfp
 .text._fwalk_reent
                0x000000000001ed04       0x40 /home/fmv/opt/gcc-arm-none-eabi-9-2020-q2-update/bin/../lib/gcc/arm-none-eabi/9.3.1/../../../../arm-none-eabi/lib/thumb/v6-m/nofp/libc_nano.a(lib_a-fwalk.o)
                0x000000000001ed04                _fwalk_reent
 .text.__retarget_lock_init_recursive
                0x000000000001ed44        0x2 /home/fmv/opt/gcc-arm-none-eabi-9-2020-q2-update/bin/../lib/gcc/arm-none-eabi/9.3.1/../../../../arm-none-eabi/lib/thumb/v6-m/nofp/libc_nano.a(lib_a-lock.o)
                0x000000000001ed44                __retarget_lock_init_recursive
 .text.__retarget_lock_acquire_recursive
                0x000000000001ed46        0x2 /home/fmv/opt/gcc-arm-none-eabi-9-2020-q2-update/bin/../lib/gcc/arm-none-eabi/9.3.1/../../../../arm-none-eabi/lib/thumb/v6-m/nofp/libc_nano.a(lib_a-lock.o)
                0x000000000001ed46                __retarget_lock_acquire_recursive
 .text.__retarget_lock_release_recursive
                0x000000000001ed48        0x2 /home/fmv/opt/gcc-arm-none-eabi-9-2020-q2-update/bin/../lib/gcc/arm-none-eabi/9.3.1/../../../../arm-none-eabi/lib/thumb/v6-m/nofp/libc_nano.a(lib_a-lock.o)
                0x000000000001ed48                __retarget_lock_release_recursive
 *fill*         0x000000000001ed4a        0x2 
 .text.__malloc_lock
                0x000000000001ed4c       0x10 /home/fmv/opt/gcc-arm-none-eabi-9-2020-q2-update/bin/../lib/gcc/arm-none-eabi/9.3.1/../../../../arm-none-eabi/lib/thumb/v6-m/nofp/libc_nano.a(lib_a-mlock.o)
                0x000000000001ed4c                __malloc_lock
 .text.__malloc_unlock
                0x000000000001ed5c       0x10 /home/fmv/opt/gcc-arm-none-eabi-9-2020-q2-update/bin/../lib/gcc/arm-none-eabi/9.3.1/../../../../arm-none-eabi/lib/thumb/v6-m/nofp/libc_nano.a(lib_a-mlock.o)
                0x000000000001ed5c                __malloc_unlock
 .text.__ssputs_r
                0x000000000001ed6c       0xc4 /home/fmv/opt/gcc-arm-none-eabi-9-2020-q2-update/bin/../lib/gcc/arm-none-eabi/9.3.1/../../../../arm-none-eabi/lib/thumb/v6-m/nofp/libc_nano.a(lib_a-nano-svfprintf.o)
                0x000000000001ed6c                __ssputs_r
 .text._svfprintf_r
                0x000000000001ee30      0x200 /home/fmv/opt/gcc-arm-none-eabi-9-2020-q2-update/bin/../lib/gcc/arm-none-eabi/9.3.1/../../../../arm-none-eabi/lib/thumb/v6-m/nofp/libc_nano.a(lib_a-nano-svfprintf.o)
                0x000000000001ee30                _svfprintf_r
                0x000000000001ee30                _svfiprintf_r
 .text.__sfputc_r
                0x000000000001f030       0x2a /home/fmv/opt/gcc-arm-none-eabi-9-2020-q2-update/bin/../lib/gcc/arm-none-eabi/9.3.1/../../../../arm-none-eabi/lib/thumb/v6-m/nofp/libc_nano.a(lib_a-nano-vfprintf.o)
 .text.__sfputs_r
                0x000000000001f05a       0x24 /home/fmv/opt/gcc-arm-none-eabi-9-2020-q2-update/bin/../lib/gcc/arm-none-eabi/9.3.1/../../../../arm-none-eabi/lib/thumb/v6-m/nofp/libc_nano.a(lib_a-nano-vfprintf.o)
                0x000000000001f05a                __sfputs_r
 *fill*         0x000000000001f07e        0x2 
 .text._vfprintf_r
                0x000000000001f080      0x274 /home/fmv/opt/gcc-arm-none-eabi-9-2020-q2-update/bin/../lib/gcc/arm-none-eabi/9.3.1/../../../../arm-none-eabi/lib/thumb/v6-m/nofp/libc_nano.a(lib_a-nano-vfprintf.o)
                0x000000000001f080                _vfiprintf_r
                0x000000000001f080                _vfprintf_r
 .text._printf_common
                0x000000000001f2f4       0xde /home/fmv/opt/gcc-arm-none-eabi-9-2020-q2-update/bin/../lib/gcc/arm-none-eabi/9.3.1/../../../../arm-none-eabi/lib/thumb/v6-m/nofp/libc_nano.a(lib_a-nano-vfprintf_i.o)
                0x000000000001f2f4                _printf_common
 *fill*         0x000000000001f3d2        0x2 
 .text._printf_i
                0x000000000001f3d4      0x224 /home/fmv/opt/gcc-arm-none-eabi-9-2020-q2-update/bin/../lib/gcc/arm-none-eabi/9.3.1/../../../../arm-none-eabi/lib/thumb/v6-m/nofp/libc_nano.a(lib_a-nano-vfprintf_i.o)
                0x000000000001f3d4                _printf_i
 .text.__sread  0x000000000001f5f8       0x28 /home/fmv/opt/gcc-arm-none-eabi-9-2020-q2-update/bin/../lib/gcc/arm-none-eabi/9.3.1/../../../../arm-none-eabi/lib/thumb/v6-m/nofp/libc_nano.a(lib_a-stdio.o)
                0x000000000001f5f8                __sread
 .text.__swrite
                0x000000000001f620       0x38 /home/fmv/opt/gcc-arm-none-eabi-9-2020-q2-update/bin/../lib/gcc/arm-none-eabi/9.3.1/../../../../arm-none-eabi/lib/thumb/v6-m/nofp/libc_nano.a(lib_a-stdio.o)
                0x000000000001f620                __swrite
 .text.__sseek  0x000000000001f658       0x2c /home/fmv/opt/gcc-arm-none-eabi-9-2020-q2-update/bin/../lib/gcc/arm-none-eabi/9.3.1/../../../../arm-none-eabi/lib/thumb/v6-m/nofp/libc_nano.a(lib_a-stdio.o)
                0x000000000001f658                __sseek
 .text.__sclose
                0x000000000001f684        0xc /home/fmv/opt/gcc-arm-none-eabi-9-2020-q2-update/bin/../lib/gcc/arm-none-eabi/9.3.1/../../../../arm-none-eabi/lib/thumb/v6-m/nofp/libc_nano.a(lib_a-stdio.o)
                0x000000000001f684                __sclose
 .text.__swbuf_r
                0x000000000001f690       0xac /home/fmv/opt/gcc-arm-none-eabi-9-2020-q2-update/bin/../lib/gcc/arm-none-eabi/9.3.1/../../../../arm-none-eabi/lib/thumb/v6-m/nofp/libc_nano.a(lib_a-wbuf.o)
                0x000000000001f690                __swbuf_r
 .text.__swsetup_r
                0x000000000001f73c       0xf0 /home/fmv/opt/gcc-arm-none-eabi-9-2020-q2-update/bin/../lib/gcc/arm-none-eabi/9.3.1/../../../../arm-none-eabi/lib/thumb/v6-m/nofp/libc_nano.a(lib_a-wsetup.o)
                0x000000000001f73c                __swsetup_r
 .text._close_r
                0x000000000001f82c       0x24 /home/fmv/opt/gcc-arm-none-eabi-9-2020-q2-update/bin/../lib/gcc/arm-none-eabi/9.3.1/../../../../arm-none-eabi/lib/thumb/v6-m/nofp/libc_nano.a(lib_a-closer.o)
                0x000000000001f82c                _close_r
 .text.__sflush_r
                0x000000000001f850      0x118 /home/fmv/opt/gcc-arm-none-eabi-9-2020-q2-update/bin/../lib/gcc/arm-none-eabi/9.3.1/../../../../arm-none-eabi/lib/thumb/v6-m/nofp/libc_nano.a(lib_a-fflush.o)
                0x000000000001f850                __sflush_r
 .text._fflush_r
                0x000000000001f968       0x80 /home/fmv/opt/gcc-arm-none-eabi-9-2020-q2-update/bin/../lib/gcc/arm-none-eabi/9.3.1/../../../../arm-none-eabi/lib/thumb/v6-m/nofp/libc_nano.a(lib_a-fflush.o)
                0x000000000001f968                _fflush_r
 .text._lseek_r
                0x000000000001f9e8       0x28 /home/fmv/opt/gcc-arm-none-eabi-9-2020-q2-update/bin/../lib/gcc/arm-none-eabi/9.3.1/../../../../arm-none-eabi/lib/thumb/v6-m/nofp/libc_nano.a(lib_a-lseekr.o)
                0x000000000001f9e8                _lseek_r
 .text.__swhatbuf_r
                0x000000000001fa10       0x50 /home/fmv/opt/gcc-arm-none-eabi-9-2020-q2-update/bin/../lib/gcc/arm-none-eabi/9.3.1/../../../../arm-none-eabi/lib/thumb/v6-m/nofp/libc_nano.a(lib_a-makebuf.o)
                0x000000000001fa10                __swhatbuf_r
 .text.__smakebuf_r
                0x000000000001fa60       0x88 /home/fmv/opt/gcc-arm-none-eabi-9-2020-q2-update/bin/../lib/gcc/arm-none-eabi/9.3.1/../../../../arm-none-eabi/lib/thumb/v6-m/nofp/libc_nano.a(lib_a-makebuf.o)
                0x000000000001fa60                __smakebuf_r
 .text.memchr   0x000000000001fae8       0x16 /home/fmv/opt/gcc-arm-none-eabi-9-2020-q2-update/bin/../lib/gcc/arm-none-eabi/9.3.1/../../../../arm-none-eabi/lib/thumb/v6-m/nofp/libc_nano.a(lib_a-memchr-stub.o)
                0x000000000001fae8                memchr
 .text.memmove  0x000000000001fafe       0x26 /home/fmv/opt/gcc-arm-none-eabi-9-2020-q2-update/bin/../lib/gcc/arm-none-eabi/9.3.1/../../../../arm-none-eabi/lib/thumb/v6-m/nofp/libc_nano.a(lib_a-memmove.o)
                0x000000000001fafe                memmove
 .text._realloc_r
                0x000000000001fb24       0x4c /home/fmv/opt/gcc-arm-none-eabi-9-2020-q2-update/bin/../lib/gcc/arm-none-eabi/9.3.1/../../../../arm-none-eabi/lib/thumb/v6-m/nofp/libc_nano.a(lib_a-nano-reallocr.o)
                0x000000000001fb24                _realloc_r
 .text._read_r  0x000000000001fb70       0x28 /home/fmv/opt/gcc-arm-none-eabi-9-2020-q2-update/bin/../lib/gcc/arm-none-eabi/9.3.1/../../../../arm-none-eabi/lib/thumb/v6-m/nofp/libc_nano.a(lib_a-readr.o)
                0x000000000001fb70                _read_r
 .text._fstat_r
                0x000000000001fb98       0x24 /home/fmv/opt/gcc-arm-none-eabi-9-2020-q2-update/bin/../lib/gcc/arm-none-eabi/9.3.1/../../../../arm-none-eabi/lib/thumb/v6-m/nofp/libc_nano.a(lib_a-fstatr.o)
                0x000000000001fb98                _fstat_r
 .text._isatty_r
                0x000000000001fbbc       0x24 /home/fmv/opt/gcc-arm-none-eabi-9-2020-q2-update/bin/../lib/gcc/arm-none-eabi/9.3.1/../../../../arm-none-eabi/lib/thumb/v6-m/nofp/libc_nano.a(lib_a-isattyr.o)
                0x000000000001fbbc                _isatty_r
 .text._malloc_usable_size_r
                0x000000000001fbe0       0x10 /home/fmv/opt/gcc-arm-none-eabi-9-2020-q2-update/bin/../lib/gcc/arm-none-eabi/9.3.1/../../../../arm-none-eabi/lib/thumb/v6-m/nofp/libc_nano.a(lib_a-nano-msizer.o)
                0x000000000001fbe0                _malloc_usable_size_r
 .text          0x000000000001fbf0       0x14 /home/fmv/opt/gcc-arm-none-eabi-9-2020-q2-update/bin/../lib/gcc/arm-none-eabi/9.3.1/thumb/v6-m/nofp/libgcc.a(_thumb1_case_shi.o)
                0x000000000001fbf0                __gnu_thumb1_case_shi
 .text          0x000000000001fc04       0x40 /home/fmv/opt/gcc-arm-none-eabi-9-2020-q2-update/bin/../lib/gcc/arm-none-eabi/9.3.1/thumb/v6-m/nofp/libgcc.a(_aeabi_uldivmod.o)
                0x000000000001fc04                __aeabi_uldivmod
 .text          0x000000000001fc44       0x50 /home/fmv/opt/gcc-arm-none-eabi-9-2020-q2-update/bin/../lib/gcc/arm-none-eabi/9.3.1/thumb/v6-m/nofp/libgcc.a(_muldi3.o)
                0x000000000001fc44                __aeabi_lmul
                0x000000000001fc44                __muldi3
 .text          0x000000000001fc94      0x198 /home/fmv/opt/gcc-arm-none-eabi-9-2020-q2-update/bin/../lib/gcc/arm-none-eabi/9.3.1/thumb/v6-m/nofp/libgcc.a(_udivmoddi4.o)
                0x000000000001fc94                __udivmoddi4
 .text          0x000000000001fe2c       0x18 /home/fmv/opt/gcc-arm-none-eabi-9-2020-q2-update/bin/../lib/gcc/arm-none-eabi/9.3.1/thumb/v6-m/nofp/libgcc.a(_clzdi2.o)
                0x000000000001fe2c                __clzdi2
 .text          0x000000000001fe44       0x3c /home/fmv/opt/gcc-arm-none-eabi-9-2020-q2-update/bin/../lib/gcc/arm-none-eabi/9.3.1/thumb/v6-m/nofp/libgcc.a(_clzsi2.o)
                0x000000000001fe44                __clzsi2
 .text._close   0x000000000001fe80       0x10 /home/fmv/opt/gcc-arm-none-eabi-9-2020-q2-update/bin/../lib/gcc/arm-none-eabi/9.3.1/../../../../arm-none-eabi/lib/thumb/v6-m/nofp/libnosys.a(close.o)
                0x000000000001fe80                _close
 .text._fstat   0x000000000001fe90       0x10 /home/fmv/opt/gcc-arm-none-eabi-9-2020-q2-update/bin/../lib/gcc/arm-none-eabi/9.3.1/../../../../arm-none-eabi/lib/thumb/v6-m/nofp/libnosys.a(fstat.o)
                0x000000000001fe90                _fstat
 .text._isatty  0x000000000001fea0       0x10 /home/fmv/opt/gcc-arm-none-eabi-9-2020-q2-update/bin/../lib/gcc/arm-none-eabi/9.3.1/../../../../arm-none-eabi/lib/thumb/v6-m/nofp/libnosys.a(isatty.o)
                0x000000000001fea0                _isatty
 .text._lseek   0x000000000001feb0       0x10 /home/fmv/opt/gcc-arm-none-eabi-9-2020-q2-update/bin/../lib/gcc/arm-none-eabi/9.3.1/../../../../arm-none-eabi/lib/thumb/v6-m/nofp/libnosys.a(lseek.o)
                0x000000000001feb0                _lseek
 .text._read    0x000000000001fec0       0x10 /home/fmv/opt/gcc-arm-none-eabi-9-2020-q2-update/bin/../lib/gcc/arm-none-eabi/9.3.1/../../../../arm-none-eabi/lib/thumb/v6-m/nofp/libnosys.a(read.o)
                0x000000000001fec0                _read
 .text._sbrk    0x000000000001fed0       0x1c /home/fmv/opt/gcc-arm-none-eabi-9-2020-q2-update/bin/../lib/gcc/arm-none-eabi/9.3.1/../../../../arm-none-eabi/lib/thumb/v6-m/nofp/libnosys.a(sbrk.o)
                0x000000000001fed0                _sbrk
 *(.init)
 .init          0x000000000001feec        0x4 /home/fmv/opt/gcc-arm-none-eabi-9-2020-q2-update/bin/../lib/gcc/arm-none-eabi/9.3.1/thumb/v6-m/nofp/crti.o
                0x000000000001feec                _init
 .init          0x000000000001fef0        0x8 /home/fmv/opt/gcc-arm-none-eabi-9-2020-q2-update/bin/../lib/gcc/arm-none-eabi/9.3.1/thumb/v6-m/nofp/crtn.o
 *(.fini)
 .fini          0x000000000001fef8        0x4 /home/fmv/opt/gcc-arm-none-eabi-9-2020-q2-update/bin/../lib/gcc/arm-none-eabi/9.3.1/thumb/v6-m/nofp/crti.o
                0x000000000001fef8                _fini
 .fini          0x000000000001fefc        0x8 /home/fmv/opt/gcc-arm-none-eabi-9-2020-q2-update/bin/../lib/gcc/arm-none-eabi/9.3.1/thumb/v6-m/nofp/crtn.o
 *crtbegin.o(.ctors)
 *crtbegin?.o(.ctors)
 *(EXCLUDE_FILE(*crtend.o *crtend?.o) .ctors)
 *(SORT_BY_NAME(.ctors.*))
 *(.ctors)
 *crtbegin.o(.dtors)
 *crtbegin?.o(.dtors)
 *(EXCLUDE_FILE(*crtend.o *crtend?.o) .dtors)
 *(SORT_BY_NAME(.dtors.*))
 *(.dtors)
 *(.rodata*)
 .rodata._global_impure_ptr
                0x000000000001ff04        0x4 /home/fmv/opt/gcc-arm-none-eabi-9-2020-q2-update/bin/../lib/gcc/arm-none-eabi/9.3.1/../../../../arm-none-eabi/lib/thumb/v6-m/nofp/libc_nano.a(lib_a-impure.o)
                0x000000000001ff04                _global_impure_ptr
 .rodata.m_board_btn_list
                0x000000000001ff08        0x4 _build/nrf51422_xxac_boards.c.o
 .rodata.m_board_led_list
                0x000000000001ff0c        0x4 _build/nrf51422_xxac_boards.c.o
 .rodata.bsp_indication_set
                0x000000000001ff10       0x60 _build/nrf51422_xxac_bsp.c.o
 .rodata.crc8.str1.4
                0x000000000001ff70        0x9 _build/nrf51422_xxac_main.c.o
 *fill*         0x000000000001ff79        0x3 
 .rodata.ble_uart_data_send.str1.4
                0x000000000001ff7c       0x37 _build/nrf51422_xxac_main.c.o
 *fill*         0x000000000001ffb3        0x1 
 .rodata.ble_evt_dispatch.str1.4
                0x000000000001ffb4       0x46 _build/nrf51422_xxac_main.c.o
 *fill*         0x000000000001fffa        0x2 
 .rodata.ble_evt_dispatch
                0x000000000001fffc      0x158 _build/nrf51422_xxac_main.c.o
 .rodata.nus_data_handler.str1.4
                0x0000000000020154       0x75 _build/nrf51422_xxac_main.c.o
 *fill*         0x00000000000201c9        0x3 
 .rodata.main.str1.4
                0x00000000000201cc       0x1c _build/nrf51422_xxac_main.c.o
 .rodata        0x00000000000201e8        0x4 _build/nrf51422_xxac_main.c.o
 .rodata.SEGGER_RTT_ReadNoLock.str1.4
                0x00000000000201ec       0x17 _build/nrf51422_xxac_SEGGER_RTT.c.o
 *fill*         0x0000000000020203        0x1 
 .rodata.ble_advertising_start.part.0
                0x0000000000020204       0x14 _build/nrf51422_xxac_ble_advertising.c.o
 .rodata.m_conn_params_timer_id
                0x0000000000020218        0x4 _build/nrf51422_xxac_ble_conn_params.c.o
 .rodata        0x000000000002021c       0x10 _build/nrf51422_xxac_ble_nus.c.o
 .rodata._ctype_
                0x000000000002022c      0x101 /home/fmv/opt/gcc-arm-none-eabi-9-2020-q2-update/bin/../lib/gcc/arm-none-eabi/9.3.1/../../../../arm-none-eabi/lib/thumb/v6-m/nofp/libc_nano.a(lib_a-ctype_.o)
                0x000000000002022c                _ctype_
 *fill*         0x000000000002032d        0x3 
 .rodata.__sf_fake_stderr
                0x0000000000020330       0x20 /home/fmv/opt/gcc-arm-none-eabi-9-2020-q2-update/bin/../lib/gcc/arm-none-eabi/9.3.1/../../../../arm-none-eabi/lib/thumb/v6-m/nofp/libc_nano.a(lib_a-findfp.o)
                0x0000000000020330                __sf_fake_stderr
 .rodata.__sf_fake_stdin
                0x0000000000020350       0x20 /home/fmv/opt/gcc-arm-none-eabi-9-2020-q2-update/bin/../lib/gcc/arm-none-eabi/9.3.1/../../../../arm-none-eabi/lib/thumb/v6-m/nofp/libc_nano.a(lib_a-findfp.o)
                0x0000000000020350                __sf_fake_stdin
 .rodata.__sf_fake_stdout
                0x0000000000020370       0x20 /home/fmv/opt/gcc-arm-none-eabi-9-2020-q2-update/bin/../lib/gcc/arm-none-eabi/9.3.1/../../../../arm-none-eabi/lib/thumb/v6-m/nofp/libc_nano.a(lib_a-findfp.o)
                0x0000000000020370                __sf_fake_stdout
 .rodata._svfprintf_r.str1.1
                0x0000000000020390       0x11 /home/fmv/opt/gcc-arm-none-eabi-9-2020-q2-update/bin/../lib/gcc/arm-none-eabi/9.3.1/../../../../arm-none-eabi/lib/thumb/v6-m/nofp/libc_nano.a(lib_a-nano-svfprintf.o)
 .rodata._vfprintf_r.str1.1
                0x00000000000203a1       0x11 /home/fmv/opt/gcc-arm-none-eabi-9-2020-q2-update/bin/../lib/gcc/arm-none-eabi/9.3.1/../../../../arm-none-eabi/lib/thumb/v6-m/nofp/libc_nano.a(lib_a-nano-vfprintf.o)
 .rodata._printf_i.str1.1
                0x00000000000203a1       0x22 /home/fmv/opt/gcc-arm-none-eabi-9-2020-q2-update/bin/../lib/gcc/arm-none-eabi/9.3.1/../../../../arm-none-eabi/lib/thumb/v6-m/nofp/libc_nano.a(lib_a-nano-vfprintf_i.o)
 *(.eh_frame*)
 *fill*         0x00000000000203c3        0x1 
 .eh_frame      0x00000000000203c4        0x0 /home/fmv/opt/gcc-arm-none-eabi-9-2020-q2-update/bin/../lib/gcc/arm-none-eabi/9.3.1/thumb/v6-m/nofp/crtbegin.o
 .eh_frame      0x00000000000203c4        0x4 /home/fmv/opt/gcc-arm-none-eabi-9-2020-q2-update/bin/../lib/gcc/arm-none-eabi/9.3.1/thumb/v6-m/nofp/crtend.o

.glue_7         0x00000000000203c8        0x0
 .glue_7        0x00000000000203c8        0x0 linker stubs

.glue_7t        0x00000000000203c8        0x0
 .glue_7t       0x00000000000203c8        0x0 linker stubs

.vfp11_veneer   0x00000000000203c8        0x0
 .vfp11_veneer  0x00000000000203c8        0x0 linker stubs

.v4_bx          0x00000000000203c8        0x0
 .v4_bx         0x00000000000203c8        0x0 linker stubs

.iplt           0x00000000000203c8        0x0
 .iplt          0x00000000000203c8        0x0 /home/fmv/opt/gcc-arm-none-eabi-9-2020-q2-update/bin/../lib/gcc/arm-none-eabi/9.3.1/thumb/v6-m/nofp/crtbegin.o

.ARM.extab
 *(.ARM.extab* .gnu.linkonce.armextab.*)
                0x00000000000203c8                __exidx_start = .

.ARM.exidx      0x00000000000203c8        0x8
 *(.ARM.exidx* .gnu.linkonce.armexidx.*)
 .ARM.exidx     0x00000000000203c8        0x8 /home/fmv/opt/gcc-arm-none-eabi-9-2020-q2-update/bin/../lib/gcc/arm-none-eabi/9.3.1/../../../../arm-none-eabi/lib/thumb/v6-m/nofp/crt0.o
                                         0x10 (size before relaxing)
 .ARM.exidx     0x00000000000203d0        0x0 /home/fmv/opt/gcc-arm-none-eabi-9-2020-q2-update/bin/../lib/gcc/arm-none-eabi/9.3.1/thumb/v6-m/nofp/libgcc.a(_udivmoddi4.o)
                                          0x8 (size before relaxing)
                0x00000000000203d0                __exidx_end = .
                0x00000000000203d0                __etext = .

.rel.dyn        0x00000000000203d0        0x0
 .rel.iplt      0x00000000000203d0        0x0 /home/fmv/opt/gcc-arm-none-eabi-9-2020-q2-update/bin/../lib/gcc/arm-none-eabi/9.3.1/thumb/v6-m/nofp/crtbegin.o

.data           0x0000000020001fe8       0x88 load address 0x00000000000203d0
                0x0000000020001fe8                __data_start__ = .
 *(vtable)
 *(.data*)
 .data._impure_ptr
                0x0000000020001fe8        0x4 /home/fmv/opt/gcc-arm-none-eabi-9-2020-q2-update/bin/../lib/gcc/arm-none-eabi/9.3.1/../../../../arm-none-eabi/lib/thumb/v6-m/nofp/libc_nano.a(lib_a-impure.o)
                0x0000000020001fe8                _impure_ptr
 .data.impure_data
                0x0000000020001fec       0x60 /home/fmv/opt/gcc-arm-none-eabi-9-2020-q2-update/bin/../lib/gcc/arm-none-eabi/9.3.1/../../../../arm-none-eabi/lib/thumb/v6-m/nofp/libc_nano.a(lib_a-impure.o)
 .data.m_adv_uuids
                0x000000002000204c        0x4 _build/nrf51422_xxac_main.c.o
 .data.m_conn_handle
                0x0000000020002050        0x2 _build/nrf51422_xxac_main.c.o
 *fill*         0x0000000020002052        0x2 
 .data.m_whitelist
                0x0000000020002054       0x10 _build/nrf51422_xxac_ble_advertising.c.o
 .data.SystemCoreClock
                0x0000000020002064        0x4 _build/nrf51422_xxac_system_nrf51.c.o
                0x0000000020002064                SystemCoreClock
                0x0000000020002068                . = ALIGN (0x4)
                0x0000000020002068                PROVIDE (__preinit_array_start = .)
 *(.preinit_array)
                0x0000000020002068                PROVIDE (__preinit_array_end = .)
                0x0000000020002068                . = ALIGN (0x4)
                0x0000000020002068                PROVIDE (__init_array_start = .)
 *(SORT_BY_NAME(.init_array.*))
 *(.init_array)
 .init_array    0x0000000020002068        0x4 /home/fmv/opt/gcc-arm-none-eabi-9-2020-q2-update/bin/../lib/gcc/arm-none-eabi/9.3.1/thumb/v6-m/nofp/crtbegin.o
                0x000000002000206c                PROVIDE (__init_array_end = .)
                0x000000002000206c                . = ALIGN (0x4)
                [!provide]                        PROVIDE (__fini_array_start = .)
 *(SORT_BY_NAME(.fini_array.*))
 *(.fini_array)
 .fini_array    0x000000002000206c        0x4 /home/fmv/opt/gcc-arm-none-eabi-9-2020-q2-update/bin/../lib/gcc/arm-none-eabi/9.3.1/thumb/v6-m/nofp/crtbegin.o
                [!provide]                        PROVIDE (__fini_array_end = .)
 *(.jcr*)
                0x0000000020002070                . = ALIGN (0x4)
                0x0000000020002070                __data_end__ = .
LOAD /home/fmv/opt/gcc-arm-none-eabi-9-2020-q2-update/bin/../lib/gcc/arm-none-eabi/9.3.1/thumb/v6-m/nofp/crti.o
LOAD /home/fmv/opt/gcc-arm-none-eabi-9-2020-q2-update/bin/../lib/gcc/arm-none-eabi/9.3.1/thumb/v6-m/nofp/crtbegin.o
LOAD /home/fmv/opt/gcc-arm-none-eabi-9-2020-q2-update/bin/../lib/gcc/arm-none-eabi/9.3.1/../../../../arm-none-eabi/lib/thumb/v6-m/nofp/crt0.o
LOAD /home/fmv/opt/gcc-arm-none-eabi-9-2020-q2-update/bin/../lib/gcc/arm-none-eabi/9.3.1/../../../../arm-none-eabi/lib/thumb/v6-m/nofp/libc_nano.a
LOAD /home/fmv/opt/gcc-arm-none-eabi-9-2020-q2-update/bin/../lib/gcc/arm-none-eabi/9.3.1/../../../../arm-none-eabi/lib/thumb/v6-m/nofp/libnosys.a
LOAD _build/nrf51422_xxac_nrf_log_backend_serial.c.o
LOAD _build/nrf51422_xxac_nrf_log_frontend.c.o
LOAD _build/nrf51422_xxac_app_button.c.o
LOAD _build/nrf51422_xxac_app_error.c.o
LOAD _build/nrf51422_xxac_app_error_weak.c.o
LOAD _build/nrf51422_xxac_app_fifo.c.o
LOAD _build/nrf51422_xxac_app_timer.c.o
LOAD _build/nrf51422_xxac_app_uart_fifo.c.o
LOAD _build/nrf51422_xxac_app_util_platform.c.o
LOAD _build/nrf51422_xxac_fstorage.c.o
LOAD _build/nrf51422_xxac_hardfault_implementation.c.o
LOAD _build/nrf51422_xxac_nrf_assert.c.o
LOAD _build/nrf51422_xxac_retarget.c.o
LOAD _build/nrf51422_xxac_sdk_errors.c.o
LOAD _build/nrf51422_xxac_boards.c.o
LOAD _build/nrf51422_xxac_nrf_drv_clock.c.o
LOAD _build/nrf51422_xxac_nrf_drv_common.c.o
LOAD _build/nrf51422_xxac_nrf_drv_gpiote.c.o
LOAD _build/nrf51422_xxac_nrf_drv_uart.c.o
LOAD _build/nrf51422_xxac_bsp.c.o
LOAD _build/nrf51422_xxac_bsp_btn_ble.c.o
LOAD _build/nrf51422_xxac_bsp_nfc.c.o
LOAD _build/nrf51422_xxac_main.c.o
LOAD _build/nrf51422_xxac_utils.c.o
LOAD _build/nrf51422_xxac_RTT_Syscalls_GCC.c.o
LOAD _build/nrf51422_xxac_SEGGER_RTT.c.o
LOAD _build/nrf51422_xxac_SEGGER_RTT_printf.c.o
LOAD _build/nrf51422_xxac_ble_advdata.c.o
LOAD _build/nrf51422_xxac_ble_advertising.c.o
LOAD _build/nrf51422_xxac_ble_conn_params.c.o
LOAD _build/nrf51422_xxac_ble_srv_common.c.o
LOAD _build/nrf51422_xxac_gcc_startup_nrf51.S.o
LOAD _build/nrf51422_xxac_system_nrf51.c.o
LOAD _build/nrf51422_xxac_ble_nus.c.o
LOAD _build/nrf51422_xxac_softdevice_handler.c.o
LOAD /home/fmv/opt/gcc-arm-none-eabi-9-2020-q2-update/bin/../lib/gcc/arm-none-eabi/9.3.1/../../../../arm-none-eabi/lib/thumb/v6-m/nofp/libm.a
START GROUP
LOAD /home/fmv/opt/gcc-arm-none-eabi-9-2020-q2-update/bin/../lib/gcc/arm-none-eabi/9.3.1/thumb/v6-m/nofp/libgcc.a
LOAD /home/fmv/opt/gcc-arm-none-eabi-9-2020-q2-update/bin/../lib/gcc/arm-none-eabi/9.3.1/../../../../arm-none-eabi/lib/thumb/v6-m/nofp/libc_nano.a
END GROUP
START GROUP
LOAD /home/fmv/opt/gcc-arm-none-eabi-9-2020-q2-update/bin/../lib/gcc/arm-none-eabi/9.3.1/thumb/v6-m/nofp/libgcc.a
LOAD /home/fmv/opt/gcc-arm-none-eabi-9-2020-q2-update/bin/../lib/gcc/arm-none-eabi/9.3.1/../../../../arm-none-eabi/lib/thumb/v6-m/nofp/libc_nano.a
END GROUP
LOAD /home/fmv/opt/gcc-arm-none-eabi-9-2020-q2-update/bin/../lib/gcc/arm-none-eabi/9.3.1/thumb/v6-m/nofp/crtend.o
LOAD /home/fmv/opt/gcc-arm-none-eabi-9-2020-q2-update/bin/../lib/gcc/arm-none-eabi/9.3.1/thumb/v6-m/nofp/crtn.o
START GROUP
LOAD /home/fmv/opt/gcc-arm-none-eabi-9-2020-q2-update/bin/../lib/gcc/arm-none-eabi/9.3.1/thumb/v6-m/nofp/libgcc.a
LOAD /home/fmv/opt/gcc-arm-none-eabi-9-2020-q2-update/bin/../lib/gcc/arm-none-eabi/9.3.1/../../../../arm-none-eabi/lib/thumb/v6-m/nofp/libc.a
LOAD /home/fmv/opt/gcc-arm-none-eabi-9-2020-q2-update/bin/../lib/gcc/arm-none-eabi/9.3.1/../../../../arm-none-eabi/lib/thumb/v6-m/nofp/libnosys.a
END GROUP

.igot.plt       0x0000000020002070        0x0 load address 0x0000000000020458
 .igot.plt      0x0000000020002070        0x0 /home/fmv/opt/gcc-arm-none-eabi-9-2020-q2-update/bin/../lib/gcc/arm-none-eabi/9.3.1/thumb/v6-m/nofp/crtbegin.o

.fs_data        0x0000000020002070        0x0
                0x0000000020002070                PROVIDE (__start_fs_data = .)
 *(.fs_data)
                0x0000000020002070                PROVIDE (__stop_fs_data = .)

.pwr_mgmt_data  0x0000000020002070        0x0
                [!provide]                        PROVIDE (__start_pwr_mgmt_data = .)
 *(.pwr_mgmt_data)
                [!provide]                        PROVIDE (__stop_pwr_mgmt_data = .)

.bss            0x0000000020002070      0x99c load address 0x0000000000020458
                0x0000000020002070                . = ALIGN (0x4)
                0x0000000020002070                __bss_start__ = .
 *(.bss*)
 .bss           0x0000000020002070       0x1c /home/fmv/opt/gcc-arm-none-eabi-9-2020-q2-update/bin/../lib/gcc/arm-none-eabi/9.3.1/thumb/v6-m/nofp/crtbegin.o
 .bss.m_evt_schedule_func
                0x000000002000208c        0x4 _build/nrf51422_xxac_app_timer.c.o
 .bss.m_op_queue
                0x0000000020002090        0x8 _build/nrf51422_xxac_app_timer.c.o
 .bss.m_rtc1_reset
                0x0000000020002098        0x1 _build/nrf51422_xxac_app_timer.c.o
 .bss.m_rtc1_running
                0x0000000020002099        0x1 _build/nrf51422_xxac_app_timer.c.o
 *fill*         0x000000002000209a        0x2 
 .bss.m_ticks_elapsed
                0x000000002000209c        0x8 _build/nrf51422_xxac_app_timer.c.o
 .bss.m_ticks_elapsed_q_read_ind
                0x00000000200020a4        0x1 _build/nrf51422_xxac_app_timer.c.o
 .bss.m_ticks_elapsed_q_write_ind
                0x00000000200020a5        0x1 _build/nrf51422_xxac_app_timer.c.o
 *fill*         0x00000000200020a6        0x2 
 .bss.m_ticks_latest
                0x00000000200020a8        0x4 _build/nrf51422_xxac_app_timer.c.o
 .bss.mp_timer_id_head
                0x00000000200020ac        0x4 _build/nrf51422_xxac_app_timer.c.o
 .bss.m_queue   0x00000000200020b0       0x68 _build/nrf51422_xxac_fstorage.c.o
 .bss.m_clock_cb
                0x0000000020002118       0x14 _build/nrf51422_xxac_nrf_drv_clock.c.o
 *fill*         0x000000002000212c        0x4 
 .bss.m_cb      0x0000000020002130       0x48 _build/nrf51422_xxac_nrf_drv_gpiote.c.o
 .bss.m_cb      0x0000000020002178       0x1c _build/nrf51422_xxac_nrf_drv_uart.c.o
 .bss.m_alert_timer_id_data
                0x0000000020002194       0x20 _build/nrf51422_xxac_bsp.c.o
 .bss.m_app_ticks_per_100ms
                0x00000000200021b4        0x4 _build/nrf51422_xxac_bsp.c.o
 .bss.m_events_list
                0x00000000200021b8        0xc _build/nrf51422_xxac_bsp.c.o
 .bss.m_indication_type
                0x00000000200021c4        0x4 _build/nrf51422_xxac_bsp.c.o
 .bss.m_leds_clear
                0x00000000200021c8        0x1 _build/nrf51422_xxac_bsp.c.o
 *fill*         0x00000000200021c9        0x3 
 .bss.m_leds_timer_id_data
                0x00000000200021cc       0x20 _build/nrf51422_xxac_bsp.c.o
 .bss.m_stable_state
                0x00000000200021ec        0x1 _build/nrf51422_xxac_bsp.c.o
 *fill*         0x00000000200021ed        0x3 
 .bss.m_error_handler
                0x00000000200021f0        0x4 _build/nrf51422_xxac_bsp_btn_ble.c.o
 .bss.m_num_connections
                0x00000000200021f4        0x4 _build/nrf51422_xxac_bsp_btn_ble.c.o
 .bss.APP_TIMER_BUF.8253
                0x00000000200021f8       0x78 _build/nrf51422_xxac_main.c.o
 .bss.BLE_EVT_BUFFER.8200
                0x0000000020002270       0x48 _build/nrf51422_xxac_main.c.o
 .bss.DATA_FLAG
                0x00000000200022b8        0x1 _build/nrf51422_xxac_main.c.o
 *fill*         0x00000000200022b9        0x1 
 .bss.global_cnt
                0x00000000200022ba        0x2 _build/nrf51422_xxac_main.c.o
 .bss.m_data    0x00000000200022bc      0x400 _build/nrf51422_xxac_main.c.o
 .bss.m_data_cnt
                0x00000000200026bc        0x2 _build/nrf51422_xxac_main.c.o
 .bss.m_data_length
                0x00000000200026be        0x2 _build/nrf51422_xxac_main.c.o
 .bss.m_name_cnt
                0x00000000200026c0        0x2 _build/nrf51422_xxac_main.c.o
 *fill*         0x00000000200026c2        0x2 
 .bss.m_nus     0x00000000200026c4       0x1c _build/nrf51422_xxac_main.c.o
 .bss._acDownBuffer
                0x00000000200026e0       0x10 _build/nrf51422_xxac_SEGGER_RTT.c.o
 .bss._acUpBuffer
                0x00000000200026f0       0x40 _build/nrf51422_xxac_SEGGER_RTT.c.o
 .bss.m_adv_evt
                0x0000000020002730        0x1 _build/nrf51422_xxac_ble_advertising.c.o
 .bss.m_adv_mode_current
                0x0000000020002731        0x1 _build/nrf51422_xxac_ble_advertising.c.o
 *fill*         0x0000000020002732        0x2 
 .bss.m_adv_modes_config
                0x0000000020002734       0x20 _build/nrf51422_xxac_ble_advertising.c.o
 .bss.m_advdata
                0x0000000020002754       0x3c _build/nrf51422_xxac_ble_advertising.c.o
 .bss.m_advertising_start_pending
                0x0000000020002790        0x1 _build/nrf51422_xxac_ble_advertising.c.o
 *fill*         0x0000000020002791        0x1 
 .bss.m_current_slave_link_conn_handle
                0x0000000020002792        0x2 _build/nrf51422_xxac_ble_advertising.c.o
 .bss.m_error_handler
                0x0000000020002794        0x4 _build/nrf51422_xxac_ble_advertising.c.o
 .bss.m_evt_handler
                0x0000000020002798        0x4 _build/nrf51422_xxac_ble_advertising.c.o
 .bss.m_initialized
                0x000000002000279c        0x1 _build/nrf51422_xxac_ble_advertising.c.o
 *fill*         0x000000002000279d        0x3 
 .bss.m_manuf_data_array
                0x00000000200027a0       0x1f _build/nrf51422_xxac_ble_advertising.c.o
 *fill*         0x00000000200027bf        0x1 
 .bss.m_manuf_specific_data
                0x00000000200027c0        0xc _build/nrf51422_xxac_ble_advertising.c.o
 .bss.m_p_whitelist_addrs
                0x00000000200027cc       0x20 _build/nrf51422_xxac_ble_advertising.c.o
 .bss.m_p_whitelist_irks
                0x00000000200027ec       0x20 _build/nrf51422_xxac_ble_advertising.c.o
 .bss.m_peer_addr_reply_expected
                0x000000002000280c        0x1 _build/nrf51422_xxac_ble_advertising.c.o
 *fill*         0x000000002000280d        0x3 
 .bss.m_peer_address
                0x0000000020002810        0x7 _build/nrf51422_xxac_ble_advertising.c.o
 *fill*         0x0000000020002817        0x1 
 .bss.m_service_data
                0x0000000020002818        0xc _build/nrf51422_xxac_ble_advertising.c.o
 .bss.m_service_data_array
                0x0000000020002824       0x1f _build/nrf51422_xxac_ble_advertising.c.o
 *fill*         0x0000000020002843        0x1 
 .bss.m_slave_conn_int
                0x0000000020002844        0x4 _build/nrf51422_xxac_ble_advertising.c.o
 .bss.m_whitelist_addrs
                0x0000000020002848       0x38 _build/nrf51422_xxac_ble_advertising.c.o
 .bss.m_whitelist_irks
                0x0000000020002880       0x80 _build/nrf51422_xxac_ble_advertising.c.o
 .bss.m_whitelist_reply_expected
                0x0000000020002900        0x1 _build/nrf51422_xxac_ble_advertising.c.o
 .bss.m_whitelist_temporarily_disabled
                0x0000000020002901        0x1 _build/nrf51422_xxac_ble_advertising.c.o
 .bss.m_change_param
                0x0000000020002902        0x1 _build/nrf51422_xxac_ble_conn_params.c.o
 *fill*         0x0000000020002903        0x1 
 .bss.m_conn_handle
                0x0000000020002904        0x2 _build/nrf51422_xxac_ble_conn_params.c.o
 *fill*         0x0000000020002906        0x2 
 .bss.m_conn_params_config
                0x0000000020002908       0x1c _build/nrf51422_xxac_ble_conn_params.c.o
 .bss.m_conn_params_timer_id_data
                0x0000000020002924       0x20 _build/nrf51422_xxac_ble_conn_params.c.o
 .bss.m_current_conn_params
                0x0000000020002944        0x8 _build/nrf51422_xxac_ble_conn_params.c.o
 .bss.m_preferred_conn_params
                0x000000002000294c        0x8 _build/nrf51422_xxac_ble_conn_params.c.o
 .bss.m_update_count
                0x0000000020002954        0x1 _build/nrf51422_xxac_ble_conn_params.c.o
 *fill*         0x0000000020002955        0x1 
 .bss.m_ble_evt_buffer_size
                0x0000000020002956        0x2 _build/nrf51422_xxac_softdevice_handler.c.o
 .bss.m_ble_evt_handler
                0x0000000020002958        0x4 _build/nrf51422_xxac_softdevice_handler.c.o
 .bss.m_evt_schedule_func
                0x000000002000295c        0x4 _build/nrf51422_xxac_softdevice_handler.c.o
 .bss.m_softdevice_enabled
                0x0000000020002960        0x1 _build/nrf51422_xxac_softdevice_handler.c.o
 .bss.m_suspended
                0x0000000020002961        0x1 _build/nrf51422_xxac_softdevice_handler.c.o
 *fill*         0x0000000020002962        0x2 
 .bss.m_sys_evt_handler
                0x0000000020002964        0x4 _build/nrf51422_xxac_softdevice_handler.c.o
 .bss.mp_ble_evt_buffer
                0x0000000020002968        0x4 _build/nrf51422_xxac_softdevice_handler.c.o
 .bss.__malloc_free_list
                0x000000002000296c        0x4 /home/fmv/opt/gcc-arm-none-eabi-9-2020-q2-update/bin/../lib/gcc/arm-none-eabi/9.3.1/../../../../arm-none-eabi/lib/thumb/v6-m/nofp/libc_nano.a(lib_a-nano-mallocr.o)
                0x000000002000296c                __malloc_free_list
 .bss.__malloc_sbrk_start
                0x0000000020002970        0x4 /home/fmv/opt/gcc-arm-none-eabi-9-2020-q2-update/bin/../lib/gcc/arm-none-eabi/9.3.1/../../../../arm-none-eabi/lib/thumb/v6-m/nofp/libc_nano.a(lib_a-nano-mallocr.o)
                0x0000000020002970                __malloc_sbrk_start
 .bss.heap_end.4144
                0x0000000020002974        0x4 /home/fmv/opt/gcc-arm-none-eabi-9-2020-q2-update/bin/../lib/gcc/arm-none-eabi/9.3.1/../../../../arm-none-eabi/lib/thumb/v6-m/nofp/libnosys.a(sbrk.o)
 *(COMMON)
 COMMON         0x0000000020002978        0x8 _build/nrf51422_xxac_app_util_platform.c.o
                0x0000000020002978                nrf_nvic_state
 COMMON         0x0000000020002980        0x4 _build/nrf51422_xxac_main.c.o
                0x0000000020002980                cbuf
 COMMON         0x0000000020002984       0x78 _build/nrf51422_xxac_SEGGER_RTT.c.o
                0x0000000020002984                _SEGGER_RTT
 COMMON         0x00000000200029fc        0x9 /home/fmv/opt/gcc-arm-none-eabi-9-2020-q2-update/bin/../lib/gcc/arm-none-eabi/9.3.1/../../../../arm-none-eabi/lib/thumb/v6-m/nofp/libc_nano.a(lib_a-lock.o)
                0x00000000200029fc                __lock___atexit_recursive_mutex
                0x00000000200029fd                __lock___arc4random_mutex
                0x00000000200029fe                __lock___env_recursive_mutex
                0x00000000200029ff                __lock___sinit_recursive_mutex
                0x0000000020002a00                __lock___malloc_recursive_mutex
                0x0000000020002a01                __lock___at_quick_exit_mutex
                0x0000000020002a02                __lock___dd_hash_mutex
                0x0000000020002a03                __lock___tz_mutex
                0x0000000020002a04                __lock___sfp_recursive_mutex
 *fill*         0x0000000020002a05        0x3 
 COMMON         0x0000000020002a08        0x4 /home/fmv/opt/gcc-arm-none-eabi-9-2020-q2-update/bin/../lib/gcc/arm-none-eabi/9.3.1/../../../../arm-none-eabi/lib/thumb/v6-m/nofp/libc_nano.a(lib_a-reent.o)
                0x0000000020002a08                errno
                0x0000000020002a0c                . = ALIGN (0x4)
                0x0000000020002a0c                __bss_end__ = .

.heap           0x0000000020002a10      0x800
                0x0000000020002a10                __HeapBase = .
                0x0000000020002a10                __end__ = .
                0x0000000020002a10                PROVIDE (end = .)
 *(.heap*)
 .heap          0x0000000020002a10      0x800 _build/nrf51422_xxac_gcc_startup_nrf51.S.o
                0x0000000020003210                __HeapLimit = .

.stack_dummy    0x0000000020002a10      0x800
 *(.stack*)
 .stack         0x0000000020002a10      0x800 _build/nrf51422_xxac_gcc_startup_nrf51.S.o
                0x0000000020004000                __StackTop = (ORIGIN (RAM) + LENGTH (RAM))
                0x0000000020003800                __StackLimit = (__StackTop - SIZEOF (.stack_dummy))
                0x0000000020004000                PROVIDE (__stack = __StackTop)
                0x0000000000000001                ASSERT ((__StackLimit >= __HeapLimit), region RAM overflowed with stack)
OUTPUT(_build/nrf51422_xxac.out elf32-littlearm)
LOAD linker stubs

.ARM.attributes
                0x0000000000000000       0x28
 .ARM.attributes
                0x0000000000000000       0x1e /home/fmv/opt/gcc-arm-none-eabi-9-2020-q2-update/bin/../lib/gcc/arm-none-eabi/9.3.1/thumb/v6-m/nofp/crti.o
 .ARM.attributes
                0x000000000000001e       0x2c /home/fmv/opt/gcc-arm-none-eabi-9-2020-q2-update/bin/../lib/gcc/arm-none-eabi/9.3.1/thumb/v6-m/nofp/crtbegin.o
 .ARM.attributes
                0x000000000000004a       0x1b /home/fmv/opt/gcc-arm-none-eabi-9-2020-q2-update/bin/../lib/gcc/arm-none-eabi/9.3.1/../../../../arm-none-eabi/lib/thumb/v6-m/nofp/crt0.o
 .ARM.attributes
                0x0000000000000065       0x2c /home/fmv/opt/gcc-arm-none-eabi-9-2020-q2-update/bin/../lib/gcc/arm-none-eabi/9.3.1/../../../../arm-none-eabi/lib/thumb/v6-m/nofp/libc_nano.a(lib_a-exit.o)
 .ARM.attributes
                0x0000000000000091       0x2c /home/fmv/opt/gcc-arm-none-eabi-9-2020-q2-update/bin/../lib/gcc/arm-none-eabi/9.3.1/../../../../arm-none-eabi/lib/thumb/v6-m/nofp/libc_nano.a(lib_a-impure.o)
 .ARM.attributes
                0x00000000000000bd       0x2c /home/fmv/opt/gcc-arm-none-eabi-9-2020-q2-update/bin/../lib/gcc/arm-none-eabi/9.3.1/../../../../arm-none-eabi/lib/thumb/v6-m/nofp/libc_nano.a(lib_a-init.o)
 .ARM.attributes
                0x00000000000000e9       0x2c /home/fmv/opt/gcc-arm-none-eabi-9-2020-q2-update/bin/../lib/gcc/arm-none-eabi/9.3.1/../../../../arm-none-eabi/lib/thumb/v6-m/nofp/libc_nano.a(lib_a-memset.o)
 .ARM.attributes
                0x0000000000000115       0x2c /home/fmv/opt/gcc-arm-none-eabi-9-2020-q2-update/bin/../lib/gcc/arm-none-eabi/9.3.1/../../../../arm-none-eabi/lib/thumb/v6-m/nofp/libnosys.a(_exit.o)
 .ARM.attributes
                0x0000000000000141       0x2c _build/nrf51422_xxac_app_error.c.o
 .ARM.attributes
                0x000000000000016d       0x2c _build/nrf51422_xxac_app_error_weak.c.o
 .ARM.attributes
                0x0000000000000199       0x2c _build/nrf51422_xxac_app_timer.c.o
 .ARM.attributes
                0x00000000000001c5       0x2c _build/nrf51422_xxac_app_util_platform.c.o
 .ARM.attributes
                0x00000000000001f1       0x2c _build/nrf51422_xxac_fstorage.c.o
 .ARM.attributes
                0x000000000000021d       0x2c _build/nrf51422_xxac_boards.c.o
 .ARM.attributes
                0x0000000000000249       0x2c _build/nrf51422_xxac_nrf_drv_clock.c.o
 .ARM.attributes
                0x0000000000000275       0x2c _build/nrf51422_xxac_nrf_drv_common.c.o
 .ARM.attributes
                0x00000000000002a1       0x2c _build/nrf51422_xxac_nrf_drv_gpiote.c.o
 .ARM.attributes
                0x00000000000002cd       0x2c _build/nrf51422_xxac_nrf_drv_uart.c.o
 .ARM.attributes
                0x00000000000002f9       0x2c _build/nrf51422_xxac_bsp.c.o
 .ARM.attributes
                0x0000000000000325       0x2c _build/nrf51422_xxac_bsp_btn_ble.c.o
 .ARM.attributes
                0x0000000000000351       0x2c _build/nrf51422_xxac_main.c.o
 .ARM.attributes
                0x000000000000037d       0x2c _build/nrf51422_xxac_utils.c.o
 .ARM.attributes
                0x00000000000003a9       0x2c _build/nrf51422_xxac_RTT_Syscalls_GCC.c.o
 .ARM.attributes
                0x00000000000003d5       0x2c _build/nrf51422_xxac_SEGGER_RTT.c.o
 .ARM.attributes
                0x0000000000000401       0x2c _build/nrf51422_xxac_ble_advdata.c.o
 .ARM.attributes
                0x000000000000042d       0x2c _build/nrf51422_xxac_ble_advertising.c.o
 .ARM.attributes
                0x0000000000000459       0x2c _build/nrf51422_xxac_ble_conn_params.c.o
 .ARM.attributes
                0x0000000000000485       0x2c _build/nrf51422_xxac_ble_srv_common.c.o
 .ARM.attributes
                0x00000000000004b1       0x1b _build/nrf51422_xxac_gcc_startup_nrf51.S.o
 .ARM.attributes
                0x00000000000004cc       0x2c _build/nrf51422_xxac_system_nrf51.c.o
 .ARM.attributes
                0x00000000000004f8       0x2c _build/nrf51422_xxac_ble_nus.c.o
 .ARM.attributes
                0x0000000000000524       0x2c _build/nrf51422_xxac_softdevice_handler.c.o
 .ARM.attributes
                0x0000000000000550       0x1e /home/fmv/opt/gcc-arm-none-eabi-9-2020-q2-update/bin/../lib/gcc/arm-none-eabi/9.3.1/thumb/v6-m/nofp/libgcc.a(_udivsi3.o)
 .ARM.attributes
                0x000000000000056e       0x1e /home/fmv/opt/gcc-arm-none-eabi-9-2020-q2-update/bin/../lib/gcc/arm-none-eabi/9.3.1/thumb/v6-m/nofp/libgcc.a(_divsi3.o)
 .ARM.attributes
                0x000000000000058c       0x1e /home/fmv/opt/gcc-arm-none-eabi-9-2020-q2-update/bin/../lib/gcc/arm-none-eabi/9.3.1/thumb/v6-m/nofp/libgcc.a(_dvmd_tls.o)
 .ARM.attributes
                0x00000000000005aa       0x2c /home/fmv/opt/gcc-arm-none-eabi-9-2020-q2-update/bin/../lib/gcc/arm-none-eabi/9.3.1/../../../../arm-none-eabi/lib/thumb/v6-m/nofp/libc_nano.a(lib_a-malloc.o)
 .ARM.attributes
                0x00000000000005d6       0x2c /home/fmv/opt/gcc-arm-none-eabi-9-2020-q2-update/bin/../lib/gcc/arm-none-eabi/9.3.1/../../../../arm-none-eabi/lib/thumb/v6-m/nofp/libc_nano.a(lib_a-memcpy-stub.o)
 .ARM.attributes
                0x0000000000000602       0x2c /home/fmv/opt/gcc-arm-none-eabi-9-2020-q2-update/bin/../lib/gcc/arm-none-eabi/9.3.1/../../../../arm-none-eabi/lib/thumb/v6-m/nofp/libc_nano.a(lib_a-nano-freer.o)
 .ARM.attributes
                0x000000000000062e       0x2c /home/fmv/opt/gcc-arm-none-eabi-9-2020-q2-update/bin/../lib/gcc/arm-none-eabi/9.3.1/../../../../arm-none-eabi/lib/thumb/v6-m/nofp/libc_nano.a(lib_a-nano-mallocr.o)
 .ARM.attributes
                0x000000000000065a       0x2c /home/fmv/opt/gcc-arm-none-eabi-9-2020-q2-update/bin/../lib/gcc/arm-none-eabi/9.3.1/../../../../arm-none-eabi/lib/thumb/v6-m/nofp/libc_nano.a(lib_a-printf.o)
 .ARM.attributes
                0x0000000000000686       0x2c /home/fmv/opt/gcc-arm-none-eabi-9-2020-q2-update/bin/../lib/gcc/arm-none-eabi/9.3.1/../../../../arm-none-eabi/lib/thumb/v6-m/nofp/libc_nano.a(lib_a-sbrkr.o)
 .ARM.attributes
                0x00000000000006b2       0x2c /home/fmv/opt/gcc-arm-none-eabi-9-2020-q2-update/bin/../lib/gcc/arm-none-eabi/9.3.1/../../../../arm-none-eabi/lib/thumb/v6-m/nofp/libc_nano.a(lib_a-sprintf.o)
 .ARM.attributes
                0x00000000000006de       0x2c /home/fmv/opt/gcc-arm-none-eabi-9-2020-q2-update/bin/../lib/gcc/arm-none-eabi/9.3.1/../../../../arm-none-eabi/lib/thumb/v6-m/nofp/libc_nano.a(lib_a-strcpy.o)
 .ARM.attributes
                0x000000000000070a       0x1c /home/fmv/opt/gcc-arm-none-eabi-9-2020-q2-update/bin/../lib/gcc/arm-none-eabi/9.3.1/../../../../arm-none-eabi/lib/thumb/v6-m/nofp/libc_nano.a(lib_a-strlen.o)
 .ARM.attributes
                0x0000000000000726       0x2c /home/fmv/opt/gcc-arm-none-eabi-9-2020-q2-update/bin/../lib/gcc/arm-none-eabi/9.3.1/../../../../arm-none-eabi/lib/thumb/v6-m/nofp/libc_nano.a(lib_a-strncmp.o)
 .ARM.attributes
                0x0000000000000752       0x2c /home/fmv/opt/gcc-arm-none-eabi-9-2020-q2-update/bin/../lib/gcc/arm-none-eabi/9.3.1/../../../../arm-none-eabi/lib/thumb/v6-m/nofp/libc_nano.a(lib_a-strncpy.o)
 .ARM.attributes
                0x000000000000077e       0x2c /home/fmv/opt/gcc-arm-none-eabi-9-2020-q2-update/bin/../lib/gcc/arm-none-eabi/9.3.1/../../../../arm-none-eabi/lib/thumb/v6-m/nofp/libc_nano.a(lib_a-strtoull.o)
 .ARM.attributes
                0x00000000000007aa       0x2c /home/fmv/opt/gcc-arm-none-eabi-9-2020-q2-update/bin/../lib/gcc/arm-none-eabi/9.3.1/../../../../arm-none-eabi/lib/thumb/v6-m/nofp/libc_nano.a(lib_a-ctype_.o)
 .ARM.attributes
                0x00000000000007d6       0x2c /home/fmv/opt/gcc-arm-none-eabi-9-2020-q2-update/bin/../lib/gcc/arm-none-eabi/9.3.1/../../../../arm-none-eabi/lib/thumb/v6-m/nofp/libc_nano.a(lib_a-findfp.o)
 .ARM.attributes
                0x0000000000000802       0x2c /home/fmv/opt/gcc-arm-none-eabi-9-2020-q2-update/bin/../lib/gcc/arm-none-eabi/9.3.1/../../../../arm-none-eabi/lib/thumb/v6-m/nofp/libc_nano.a(lib_a-fwalk.o)
 .ARM.attributes
                0x000000000000082e       0x2c /home/fmv/opt/gcc-arm-none-eabi-9-2020-q2-update/bin/../lib/gcc/arm-none-eabi/9.3.1/../../../../arm-none-eabi/lib/thumb/v6-m/nofp/libc_nano.a(lib_a-lock.o)
 .ARM.attributes
                0x000000000000085a       0x2c /home/fmv/opt/gcc-arm-none-eabi-9-2020-q2-update/bin/../lib/gcc/arm-none-eabi/9.3.1/../../../../arm-none-eabi/lib/thumb/v6-m/nofp/libc_nano.a(lib_a-mlock.o)
 .ARM.attributes
                0x0000000000000886       0x2c /home/fmv/opt/gcc-arm-none-eabi-9-2020-q2-update/bin/../lib/gcc/arm-none-eabi/9.3.1/../../../../arm-none-eabi/lib/thumb/v6-m/nofp/libc_nano.a(lib_a-nano-svfprintf.o)
 .ARM.attributes
                0x00000000000008b2       0x2c /home/fmv/opt/gcc-arm-none-eabi-9-2020-q2-update/bin/../lib/gcc/arm-none-eabi/9.3.1/../../../../arm-none-eabi/lib/thumb/v6-m/nofp/libc_nano.a(lib_a-nano-vfprintf.o)
 .ARM.attributes
                0x00000000000008de       0x2c /home/fmv/opt/gcc-arm-none-eabi-9-2020-q2-update/bin/../lib/gcc/arm-none-eabi/9.3.1/../../../../arm-none-eabi/lib/thumb/v6-m/nofp/libc_nano.a(lib_a-nano-vfprintf_i.o)
 .ARM.attributes
                0x000000000000090a       0x2c /home/fmv/opt/gcc-arm-none-eabi-9-2020-q2-update/bin/../lib/gcc/arm-none-eabi/9.3.1/../../../../arm-none-eabi/lib/thumb/v6-m/nofp/libc_nano.a(lib_a-reent.o)
 .ARM.attributes
                0x0000000000000936       0x2c /home/fmv/opt/gcc-arm-none-eabi-9-2020-q2-update/bin/../lib/gcc/arm-none-eabi/9.3.1/../../../../arm-none-eabi/lib/thumb/v6-m/nofp/libc_nano.a(lib_a-stdio.o)
 .ARM.attributes
                0x0000000000000962       0x2c /home/fmv/opt/gcc-arm-none-eabi-9-2020-q2-update/bin/../lib/gcc/arm-none-eabi/9.3.1/../../../../arm-none-eabi/lib/thumb/v6-m/nofp/libc_nano.a(lib_a-wbuf.o)
 .ARM.attributes
                0x000000000000098e       0x2c /home/fmv/opt/gcc-arm-none-eabi-9-2020-q2-update/bin/../lib/gcc/arm-none-eabi/9.3.1/../../../../arm-none-eabi/lib/thumb/v6-m/nofp/libc_nano.a(lib_a-wsetup.o)
 .ARM.attributes
                0x00000000000009ba       0x2c /home/fmv/opt/gcc-arm-none-eabi-9-2020-q2-update/bin/../lib/gcc/arm-none-eabi/9.3.1/../../../../arm-none-eabi/lib/thumb/v6-m/nofp/libc_nano.a(lib_a-closer.o)
 .ARM.attributes
                0x00000000000009e6       0x2c /home/fmv/opt/gcc-arm-none-eabi-9-2020-q2-update/bin/../lib/gcc/arm-none-eabi/9.3.1/../../../../arm-none-eabi/lib/thumb/v6-m/nofp/libc_nano.a(lib_a-fflush.o)
 .ARM.attributes
                0x0000000000000a12       0x2c /home/fmv/opt/gcc-arm-none-eabi-9-2020-q2-update/bin/../lib/gcc/arm-none-eabi/9.3.1/../../../../arm-none-eabi/lib/thumb/v6-m/nofp/libc_nano.a(lib_a-lseekr.o)
 .ARM.attributes
                0x0000000000000a3e       0x2c /home/fmv/opt/gcc-arm-none-eabi-9-2020-q2-update/bin/../lib/gcc/arm-none-eabi/9.3.1/../../../../arm-none-eabi/lib/thumb/v6-m/nofp/libc_nano.a(lib_a-makebuf.o)
 .ARM.attributes
                0x0000000000000a6a       0x2c /home/fmv/opt/gcc-arm-none-eabi-9-2020-q2-update/bin/../lib/gcc/arm-none-eabi/9.3.1/../../../../arm-none-eabi/lib/thumb/v6-m/nofp/libc_nano.a(lib_a-memchr-stub.o)
 .ARM.attributes
                0x0000000000000a96       0x2c /home/fmv/opt/gcc-arm-none-eabi-9-2020-q2-update/bin/../lib/gcc/arm-none-eabi/9.3.1/../../../../arm-none-eabi/lib/thumb/v6-m/nofp/libc_nano.a(lib_a-memmove.o)
 .ARM.attributes
                0x0000000000000ac2       0x2c /home/fmv/opt/gcc-arm-none-eabi-9-2020-q2-update/bin/../lib/gcc/arm-none-eabi/9.3.1/../../../../arm-none-eabi/lib/thumb/v6-m/nofp/libc_nano.a(lib_a-nano-reallocr.o)
 .ARM.attributes
                0x0000000000000aee       0x2c /home/fmv/opt/gcc-arm-none-eabi-9-2020-q2-update/bin/../lib/gcc/arm-none-eabi/9.3.1/../../../../arm-none-eabi/lib/thumb/v6-m/nofp/libc_nano.a(lib_a-readr.o)
 .ARM.attributes
                0x0000000000000b1a       0x2c /home/fmv/opt/gcc-arm-none-eabi-9-2020-q2-update/bin/../lib/gcc/arm-none-eabi/9.3.1/../../../../arm-none-eabi/lib/thumb/v6-m/nofp/libc_nano.a(lib_a-fstatr.o)
 .ARM.attributes
                0x0000000000000b46       0x2c /home/fmv/opt/gcc-arm-none-eabi-9-2020-q2-update/bin/../lib/gcc/arm-none-eabi/9.3.1/../../../../arm-none-eabi/lib/thumb/v6-m/nofp/libc_nano.a(lib_a-isattyr.o)
 .ARM.attributes
                0x0000000000000b72       0x2c /home/fmv/opt/gcc-arm-none-eabi-9-2020-q2-update/bin/../lib/gcc/arm-none-eabi/9.3.1/../../../../arm-none-eabi/lib/thumb/v6-m/nofp/libc_nano.a(lib_a-nano-msizer.o)
 .ARM.attributes
                0x0000000000000b9e       0x1e /home/fmv/opt/gcc-arm-none-eabi-9-2020-q2-update/bin/../lib/gcc/arm-none-eabi/9.3.1/thumb/v6-m/nofp/libgcc.a(_thumb1_case_shi.o)
 .ARM.attributes
                0x0000000000000bbc       0x1e /home/fmv/opt/gcc-arm-none-eabi-9-2020-q2-update/bin/../lib/gcc/arm-none-eabi/9.3.1/thumb/v6-m/nofp/libgcc.a(_aeabi_uldivmod.o)
 .ARM.attributes
                0x0000000000000bda       0x2c /home/fmv/opt/gcc-arm-none-eabi-9-2020-q2-update/bin/../lib/gcc/arm-none-eabi/9.3.1/thumb/v6-m/nofp/libgcc.a(_muldi3.o)
 .ARM.attributes
                0x0000000000000c06       0x2c /home/fmv/opt/gcc-arm-none-eabi-9-2020-q2-update/bin/../lib/gcc/arm-none-eabi/9.3.1/thumb/v6-m/nofp/libgcc.a(_udivmoddi4.o)
 .ARM.attributes
                0x0000000000000c32       0x1e /home/fmv/opt/gcc-arm-none-eabi-9-2020-q2-update/bin/../lib/gcc/arm-none-eabi/9.3.1/thumb/v6-m/nofp/libgcc.a(_clzdi2.o)
 .ARM.attributes
                0x0000000000000c50       0x1e /home/fmv/opt/gcc-arm-none-eabi-9-2020-q2-update/bin/../lib/gcc/arm-none-eabi/9.3.1/thumb/v6-m/nofp/libgcc.a(_clzsi2.o)
 .ARM.attributes
                0x0000000000000c6e       0x2c /home/fmv/opt/gcc-arm-none-eabi-9-2020-q2-update/bin/../lib/gcc/arm-none-eabi/9.3.1/thumb/v6-m/nofp/crtend.o
 .ARM.attributes
                0x0000000000000c9a       0x1e /home/fmv/opt/gcc-arm-none-eabi-9-2020-q2-update/bin/../lib/gcc/arm-none-eabi/9.3.1/thumb/v6-m/nofp/crtn.o
 .ARM.attributes
                0x0000000000000cb8       0x2c /home/fmv/opt/gcc-arm-none-eabi-9-2020-q2-update/bin/../lib/gcc/arm-none-eabi/9.3.1/../../../../arm-none-eabi/lib/thumb/v6-m/nofp/libnosys.a(close.o)
 .ARM.attributes
                0x0000000000000ce4       0x2c /home/fmv/opt/gcc-arm-none-eabi-9-2020-q2-update/bin/../lib/gcc/arm-none-eabi/9.3.1/../../../../arm-none-eabi/lib/thumb/v6-m/nofp/libnosys.a(fstat.o)
 .ARM.attributes
                0x0000000000000d10       0x2c /home/fmv/opt/gcc-arm-none-eabi-9-2020-q2-update/bin/../lib/gcc/arm-none-eabi/9.3.1/../../../../arm-none-eabi/lib/thumb/v6-m/nofp/libnosys.a(isatty.o)
 .ARM.attributes
                0x0000000000000d3c       0x2c /home/fmv/opt/gcc-arm-none-eabi-9-2020-q2-update/bin/../lib/gcc/arm-none-eabi/9.3.1/../../../../arm-none-eabi/lib/thumb/v6-m/nofp/libnosys.a(lseek.o)
 .ARM.attributes
                0x0000000000000d68       0x2c /home/fmv/opt/gcc-arm-none-eabi-9-2020-q2-update/bin/../lib/gcc/arm-none-eabi/9.3.1/../../../../arm-none-eabi/lib/thumb/v6-m/nofp/libnosys.a(read.o)
 .ARM.attributes
                0x0000000000000d94       0x2c /home/fmv/opt/gcc-arm-none-eabi-9-2020-q2-update/bin/../lib/gcc/arm-none-eabi/9.3.1/../../../../arm-none-eabi/lib/thumb/v6-m/nofp/libnosys.a(sbrk.o)

.comment        0x0000000000000000       0x4c
 .comment       0x0000000000000000       0x4c _build/nrf51422_xxac_app_error.c.o
                                         0x4d (size before relaxing)
 .comment       0x000000000000004c       0x4d _build/nrf51422_xxac_app_error_weak.c.o
 .comment       0x000000000000004c       0x4d _build/nrf51422_xxac_app_timer.c.o
 .comment       0x000000000000004c       0x4d _build/nrf51422_xxac_app_util_platform.c.o
 .comment       0x000000000000004c       0x4d _build/nrf51422_xxac_fstorage.c.o
 .comment       0x000000000000004c       0x4d _build/nrf51422_xxac_boards.c.o
 .comment       0x000000000000004c       0x4d _build/nrf51422_xxac_nrf_drv_clock.c.o
 .comment       0x000000000000004c       0x4d _build/nrf51422_xxac_nrf_drv_common.c.o
 .comment       0x000000000000004c       0x4d _build/nrf51422_xxac_nrf_drv_gpiote.c.o
 .comment       0x000000000000004c       0x4d _build/nrf51422_xxac_nrf_drv_uart.c.o
 .comment       0x000000000000004c       0x4d _build/nrf51422_xxac_bsp.c.o
 .comment       0x000000000000004c       0x4d _build/nrf51422_xxac_bsp_btn_ble.c.o
 .comment       0x000000000000004c       0x4d _build/nrf51422_xxac_main.c.o
 .comment       0x000000000000004c       0x4d _build/nrf51422_xxac_utils.c.o
 .comment       0x000000000000004c       0x4d _build/nrf51422_xxac_RTT_Syscalls_GCC.c.o
 .comment       0x000000000000004c       0x4d _build/nrf51422_xxac_SEGGER_RTT.c.o
 .comment       0x000000000000004c       0x4d _build/nrf51422_xxac_ble_advdata.c.o
 .comment       0x000000000000004c       0x4d _build/nrf51422_xxac_ble_advertising.c.o
 .comment       0x000000000000004c       0x4d _build/nrf51422_xxac_ble_conn_params.c.o
 .comment       0x000000000000004c       0x4d _build/nrf51422_xxac_ble_srv_common.c.o
 .comment       0x000000000000004c       0x4d _build/nrf51422_xxac_system_nrf51.c.o
 .comment       0x000000000000004c       0x4d _build/nrf51422_xxac_ble_nus.c.o
 .comment       0x000000000000004c       0x4d _build/nrf51422_xxac_softdevice_handler.c.o

.debug_frame    0x0000000000000000     0x22c4
 .debug_frame   0x0000000000000000       0x28 /home/fmv/opt/gcc-arm-none-eabi-9-2020-q2-update/bin/../lib/gcc/arm-none-eabi/9.3.1/../../../../arm-none-eabi/lib/thumb/v6-m/nofp/libc_nano.a(lib_a-exit.o)
 .debug_frame   0x0000000000000028       0x2c /home/fmv/opt/gcc-arm-none-eabi-9-2020-q2-update/bin/../lib/gcc/arm-none-eabi/9.3.1/../../../../arm-none-eabi/lib/thumb/v6-m/nofp/libc_nano.a(lib_a-init.o)
 .debug_frame   0x0000000000000054       0x20 /home/fmv/opt/gcc-arm-none-eabi-9-2020-q2-update/bin/../lib/gcc/arm-none-eabi/9.3.1/../../../../arm-none-eabi/lib/thumb/v6-m/nofp/libc_nano.a(lib_a-memset.o)
 .debug_frame   0x0000000000000074       0x20 /home/fmv/opt/gcc-arm-none-eabi-9-2020-q2-update/bin/../lib/gcc/arm-none-eabi/9.3.1/../../../../arm-none-eabi/lib/thumb/v6-m/nofp/libnosys.a(_exit.o)
 .debug_frame   0x0000000000000094       0x5c _build/nrf51422_xxac_app_error.c.o
 .debug_frame   0x00000000000000f0       0x20 _build/nrf51422_xxac_app_error_weak.c.o
 .debug_frame   0x0000000000000110      0x118 _build/nrf51422_xxac_app_timer.c.o
 .debug_frame   0x0000000000000228       0x68 _build/nrf51422_xxac_app_util_platform.c.o
 .debug_frame   0x0000000000000290      0x13c _build/nrf51422_xxac_fstorage.c.o
 .debug_frame   0x00000000000003cc       0xe8 _build/nrf51422_xxac_boards.c.o
 .debug_frame   0x00000000000004b4      0x1bc _build/nrf51422_xxac_nrf_drv_clock.c.o
 .debug_frame   0x0000000000000670       0x40 _build/nrf51422_xxac_nrf_drv_common.c.o
 .debug_frame   0x00000000000006b0      0x1fc _build/nrf51422_xxac_nrf_drv_gpiote.c.o
 .debug_frame   0x00000000000008ac      0x14c _build/nrf51422_xxac_nrf_drv_uart.c.o
 .debug_frame   0x00000000000009f8      0x144 _build/nrf51422_xxac_bsp.c.o
 .debug_frame   0x0000000000000b3c       0x58 _build/nrf51422_xxac_bsp_btn_ble.c.o
 .debug_frame   0x0000000000000b94      0x1ec _build/nrf51422_xxac_main.c.o
 .debug_frame   0x0000000000000d80       0xa4 _build/nrf51422_xxac_utils.c.o
 .debug_frame   0x0000000000000e24       0x40 _build/nrf51422_xxac_RTT_Syscalls_GCC.c.o
 .debug_frame   0x0000000000000e64      0x294 _build/nrf51422_xxac_SEGGER_RTT.c.o
 .debug_frame   0x00000000000010f8       0xd4 _build/nrf51422_xxac_ble_advdata.c.o
 .debug_frame   0x00000000000011cc      0x124 _build/nrf51422_xxac_ble_advertising.c.o
 .debug_frame   0x00000000000012f0       0xf4 _build/nrf51422_xxac_ble_conn_params.c.o
 .debug_frame   0x00000000000013e4       0xc4 _build/nrf51422_xxac_ble_srv_common.c.o
 .debug_frame   0x00000000000014a8       0x30 _build/nrf51422_xxac_system_nrf51.c.o
 .debug_frame   0x00000000000014d8       0xb4 _build/nrf51422_xxac_ble_nus.c.o
 .debug_frame   0x000000000000158c      0x1b8 _build/nrf51422_xxac_softdevice_handler.c.o
 .debug_frame   0x0000000000001744       0x20 /home/fmv/opt/gcc-arm-none-eabi-9-2020-q2-update/bin/../lib/gcc/arm-none-eabi/9.3.1/thumb/v6-m/nofp/libgcc.a(_udivsi3.o)
 .debug_frame   0x0000000000001764       0x20 /home/fmv/opt/gcc-arm-none-eabi-9-2020-q2-update/bin/../lib/gcc/arm-none-eabi/9.3.1/thumb/v6-m/nofp/libgcc.a(_divsi3.o)
 .debug_frame   0x0000000000001784       0x40 /home/fmv/opt/gcc-arm-none-eabi-9-2020-q2-update/bin/../lib/gcc/arm-none-eabi/9.3.1/../../../../arm-none-eabi/lib/thumb/v6-m/nofp/libc_nano.a(lib_a-malloc.o)
 .debug_frame   0x00000000000017c4       0x28 /home/fmv/opt/gcc-arm-none-eabi-9-2020-q2-update/bin/../lib/gcc/arm-none-eabi/9.3.1/../../../../arm-none-eabi/lib/thumb/v6-m/nofp/libc_nano.a(lib_a-memcpy-stub.o)
 .debug_frame   0x00000000000017ec       0x2c /home/fmv/opt/gcc-arm-none-eabi-9-2020-q2-update/bin/../lib/gcc/arm-none-eabi/9.3.1/../../../../arm-none-eabi/lib/thumb/v6-m/nofp/libc_nano.a(lib_a-nano-freer.o)
 .debug_frame   0x0000000000001818       0x30 /home/fmv/opt/gcc-arm-none-eabi-9-2020-q2-update/bin/../lib/gcc/arm-none-eabi/9.3.1/../../../../arm-none-eabi/lib/thumb/v6-m/nofp/libc_nano.a(lib_a-nano-mallocr.o)
 .debug_frame   0x0000000000001848       0x50 /home/fmv/opt/gcc-arm-none-eabi-9-2020-q2-update/bin/../lib/gcc/arm-none-eabi/9.3.1/../../../../arm-none-eabi/lib/thumb/v6-m/nofp/libc_nano.a(lib_a-printf.o)
 .debug_frame   0x0000000000001898       0x2c /home/fmv/opt/gcc-arm-none-eabi-9-2020-q2-update/bin/../lib/gcc/arm-none-eabi/9.3.1/../../../../arm-none-eabi/lib/thumb/v6-m/nofp/libc_nano.a(lib_a-sbrkr.o)
 .debug_frame   0x00000000000018c4       0x48 /home/fmv/opt/gcc-arm-none-eabi-9-2020-q2-update/bin/../lib/gcc/arm-none-eabi/9.3.1/../../../../arm-none-eabi/lib/thumb/v6-m/nofp/libc_nano.a(lib_a-sprintf.o)
 .debug_frame   0x000000000000190c       0x20 /home/fmv/opt/gcc-arm-none-eabi-9-2020-q2-update/bin/../lib/gcc/arm-none-eabi/9.3.1/../../../../arm-none-eabi/lib/thumb/v6-m/nofp/libc_nano.a(lib_a-strcpy.o)
 .debug_frame   0x000000000000192c       0x2c /home/fmv/opt/gcc-arm-none-eabi-9-2020-q2-update/bin/../lib/gcc/arm-none-eabi/9.3.1/../../../../arm-none-eabi/lib/thumb/v6-m/nofp/libc_nano.a(lib_a-strncmp.o)
 .debug_frame   0x0000000000001958       0x2c /home/fmv/opt/gcc-arm-none-eabi-9-2020-q2-update/bin/../lib/gcc/arm-none-eabi/9.3.1/../../../../arm-none-eabi/lib/thumb/v6-m/nofp/libc_nano.a(lib_a-strncpy.o)
 .debug_frame   0x0000000000001984       0x78 /home/fmv/opt/gcc-arm-none-eabi-9-2020-q2-update/bin/../lib/gcc/arm-none-eabi/9.3.1/../../../../arm-none-eabi/lib/thumb/v6-m/nofp/libc_nano.a(lib_a-strtoull.o)
 .debug_frame   0x00000000000019fc      0x170 /home/fmv/opt/gcc-arm-none-eabi-9-2020-q2-update/bin/../lib/gcc/arm-none-eabi/9.3.1/../../../../arm-none-eabi/lib/thumb/v6-m/nofp/libc_nano.a(lib_a-findfp.o)
 .debug_frame   0x0000000000001b6c       0x58 /home/fmv/opt/gcc-arm-none-eabi-9-2020-q2-update/bin/../lib/gcc/arm-none-eabi/9.3.1/../../../../arm-none-eabi/lib/thumb/v6-m/nofp/libc_nano.a(lib_a-fwalk.o)
 .debug_frame   0x0000000000001bc4       0xb0 /home/fmv/opt/gcc-arm-none-eabi-9-2020-q2-update/bin/../lib/gcc/arm-none-eabi/9.3.1/../../../../arm-none-eabi/lib/thumb/v6-m/nofp/libc_nano.a(lib_a-lock.o)
 .debug_frame   0x0000000000001c74       0x40 /home/fmv/opt/gcc-arm-none-eabi-9-2020-q2-update/bin/../lib/gcc/arm-none-eabi/9.3.1/../../../../arm-none-eabi/lib/thumb/v6-m/nofp/libc_nano.a(lib_a-mlock.o)
 .debug_frame   0x0000000000001cb4       0x74 /home/fmv/opt/gcc-arm-none-eabi-9-2020-q2-update/bin/../lib/gcc/arm-none-eabi/9.3.1/../../../../arm-none-eabi/lib/thumb/v6-m/nofp/libc_nano.a(lib_a-nano-svfprintf.o)
 .debug_frame   0x0000000000001d28       0x9c /home/fmv/opt/gcc-arm-none-eabi-9-2020-q2-update/bin/../lib/gcc/arm-none-eabi/9.3.1/../../../../arm-none-eabi/lib/thumb/v6-m/nofp/libc_nano.a(lib_a-nano-vfprintf.o)
 .debug_frame   0x0000000000001dc4       0x54 /home/fmv/opt/gcc-arm-none-eabi-9-2020-q2-update/bin/../lib/gcc/arm-none-eabi/9.3.1/../../../../arm-none-eabi/lib/thumb/v6-m/nofp/libc_nano.a(lib_a-nano-vfprintf_i.o)
 .debug_frame   0x0000000000001e18       0x48 /home/fmv/opt/gcc-arm-none-eabi-9-2020-q2-update/bin/../lib/gcc/arm-none-eabi/9.3.1/../../../../arm-none-eabi/lib/thumb/v6-m/nofp/libc_nano.a(lib_a-reent.o)
 .debug_frame   0x0000000000001e60       0x90 /home/fmv/opt/gcc-arm-none-eabi-9-2020-q2-update/bin/../lib/gcc/arm-none-eabi/9.3.1/../../../../arm-none-eabi/lib/thumb/v6-m/nofp/libc_nano.a(lib_a-stdio.o)
 .debug_frame   0x0000000000001ef0       0x48 /home/fmv/opt/gcc-arm-none-eabi-9-2020-q2-update/bin/../lib/gcc/arm-none-eabi/9.3.1/../../../../arm-none-eabi/lib/thumb/v6-m/nofp/libc_nano.a(lib_a-wbuf.o)
 .debug_frame   0x0000000000001f38       0x2c /home/fmv/opt/gcc-arm-none-eabi-9-2020-q2-update/bin/../lib/gcc/arm-none-eabi/9.3.1/../../../../arm-none-eabi/lib/thumb/v6-m/nofp/libc_nano.a(lib_a-wsetup.o)
 .debug_frame   0x0000000000001f64       0x2c /home/fmv/opt/gcc-arm-none-eabi-9-2020-q2-update/bin/../lib/gcc/arm-none-eabi/9.3.1/../../../../arm-none-eabi/lib/thumb/v6-m/nofp/libc_nano.a(lib_a-closer.o)
 .debug_frame   0x0000000000001f90       0x68 /home/fmv/opt/gcc-arm-none-eabi-9-2020-q2-update/bin/../lib/gcc/arm-none-eabi/9.3.1/../../../../arm-none-eabi/lib/thumb/v6-m/nofp/libc_nano.a(lib_a-fflush.o)
 .debug_frame   0x0000000000001ff8       0x2c /home/fmv/opt/gcc-arm-none-eabi-9-2020-q2-update/bin/../lib/gcc/arm-none-eabi/9.3.1/../../../../arm-none-eabi/lib/thumb/v6-m/nofp/libc_nano.a(lib_a-lseekr.o)
 .debug_frame   0x0000000000002024       0x54 /home/fmv/opt/gcc-arm-none-eabi-9-2020-q2-update/bin/../lib/gcc/arm-none-eabi/9.3.1/../../../../arm-none-eabi/lib/thumb/v6-m/nofp/libc_nano.a(lib_a-makebuf.o)
 .debug_frame   0x0000000000002078       0x20 /home/fmv/opt/gcc-arm-none-eabi-9-2020-q2-update/bin/../lib/gcc/arm-none-eabi/9.3.1/../../../../arm-none-eabi/lib/thumb/v6-m/nofp/libc_nano.a(lib_a-memchr-stub.o)
 .debug_frame   0x0000000000002098       0x28 /home/fmv/opt/gcc-arm-none-eabi-9-2020-q2-update/bin/../lib/gcc/arm-none-eabi/9.3.1/../../../../arm-none-eabi/lib/thumb/v6-m/nofp/libc_nano.a(lib_a-memmove.o)
 .debug_frame   0x00000000000020c0       0x30 /home/fmv/opt/gcc-arm-none-eabi-9-2020-q2-update/bin/../lib/gcc/arm-none-eabi/9.3.1/../../../../arm-none-eabi/lib/thumb/v6-m/nofp/libc_nano.a(lib_a-nano-reallocr.o)
 .debug_frame   0x00000000000020f0       0x2c /home/fmv/opt/gcc-arm-none-eabi-9-2020-q2-update/bin/../lib/gcc/arm-none-eabi/9.3.1/../../../../arm-none-eabi/lib/thumb/v6-m/nofp/libc_nano.a(lib_a-readr.o)
 .debug_frame   0x000000000000211c       0x2c /home/fmv/opt/gcc-arm-none-eabi-9-2020-q2-update/bin/../lib/gcc/arm-none-eabi/9.3.1/../../../../arm-none-eabi/lib/thumb/v6-m/nofp/libc_nano.a(lib_a-fstatr.o)
 .debug_frame   0x0000000000002148       0x2c /home/fmv/opt/gcc-arm-none-eabi-9-2020-q2-update/bin/../lib/gcc/arm-none-eabi/9.3.1/../../../../arm-none-eabi/lib/thumb/v6-m/nofp/libc_nano.a(lib_a-isattyr.o)
 .debug_frame   0x0000000000002174       0x20 /home/fmv/opt/gcc-arm-none-eabi-9-2020-q2-update/bin/../lib/gcc/arm-none-eabi/9.3.1/../../../../arm-none-eabi/lib/thumb/v6-m/nofp/libc_nano.a(lib_a-nano-msizer.o)
 .debug_frame   0x0000000000002194       0x34 /home/fmv/opt/gcc-arm-none-eabi-9-2020-q2-update/bin/../lib/gcc/arm-none-eabi/9.3.1/thumb/v6-m/nofp/libgcc.a(_muldi3.o)
 .debug_frame   0x00000000000021c8       0x3c /home/fmv/opt/gcc-arm-none-eabi-9-2020-q2-update/bin/../lib/gcc/arm-none-eabi/9.3.1/thumb/v6-m/nofp/libgcc.a(_udivmoddi4.o)
 .debug_frame   0x0000000000002204       0x20 /home/fmv/opt/gcc-arm-none-eabi-9-2020-q2-update/bin/../lib/gcc/arm-none-eabi/9.3.1/../../../../arm-none-eabi/lib/thumb/v6-m/nofp/libnosys.a(close.o)
 .debug_frame   0x0000000000002224       0x20 /home/fmv/opt/gcc-arm-none-eabi-9-2020-q2-update/bin/../lib/gcc/arm-none-eabi/9.3.1/../../../../arm-none-eabi/lib/thumb/v6-m/nofp/libnosys.a(fstat.o)
 .debug_frame   0x0000000000002244       0x20 /home/fmv/opt/gcc-arm-none-eabi-9-2020-q2-update/bin/../lib/gcc/arm-none-eabi/9.3.1/../../../../arm-none-eabi/lib/thumb/v6-m/nofp/libnosys.a(isatty.o)
 .debug_frame   0x0000000000002264       0x20 /home/fmv/opt/gcc-arm-none-eabi-9-2020-q2-update/bin/../lib/gcc/arm-none-eabi/9.3.1/../../../../arm-none-eabi/lib/thumb/v6-m/nofp/libnosys.a(lseek.o)
 .debug_frame   0x0000000000002284       0x20 /home/fmv/opt/gcc-arm-none-eabi-9-2020-q2-update/bin/../lib/gcc/arm-none-eabi/9.3.1/../../../../arm-none-eabi/lib/thumb/v6-m/nofp/libnosys.a(read.o)
 .debug_frame   0x00000000000022a4       0x20 /home/fmv/opt/gcc-arm-none-eabi-9-2020-q2-update/bin/../lib/gcc/arm-none-eabi/9.3.1/../../../../arm-none-eabi/lib/thumb/v6-m/nofp/libnosys.a(sbrk.o)

.debug_info     0x0000000000000000    0x2d7f5
 .debug_info    0x0000000000000000      0xc18 _build/nrf51422_xxac_app_error.c.o
 .debug_info    0x0000000000000c18      0xac5 _build/nrf51422_xxac_app_error_weak.c.o
 .debug_info    0x00000000000016dd     0x27df _build/nrf51422_xxac_app_timer.c.o
 .debug_info    0x0000000000003ebc      0xe5c _build/nrf51422_xxac_app_util_platform.c.o
 .debug_info    0x0000000000004d18     0x1ba9 _build/nrf51422_xxac_fstorage.c.o
 .debug_info    0x00000000000068c1     0x161a _build/nrf51422_xxac_boards.c.o
 .debug_info    0x0000000000007edb     0x20de _build/nrf51422_xxac_nrf_drv_clock.c.o
 .debug_info    0x0000000000009fb9      0xdee _build/nrf51422_xxac_nrf_drv_common.c.o
 .debug_info    0x000000000000ada7     0x3505 _build/nrf51422_xxac_nrf_drv_gpiote.c.o
 .debug_info    0x000000000000e2ac     0x3bcf _build/nrf51422_xxac_nrf_drv_uart.c.o
 .debug_info    0x0000000000011e7b     0x1c59 _build/nrf51422_xxac_bsp.c.o
 .debug_info    0x0000000000013ad4     0x213a _build/nrf51422_xxac_bsp_btn_ble.c.o
 .debug_info    0x0000000000015c0e     0x4b4e _build/nrf51422_xxac_main.c.o
 .debug_info    0x000000000001a75c      0xbd9 _build/nrf51422_xxac_utils.c.o
 .debug_info    0x000000000001b335      0xb7c _build/nrf51422_xxac_RTT_Syscalls_GCC.c.o
 .debug_info    0x000000000001beb1     0x32ac _build/nrf51422_xxac_SEGGER_RTT.c.o
 .debug_info    0x000000000001f15d     0x1ede _build/nrf51422_xxac_ble_advdata.c.o
 .debug_info    0x000000000002103b     0x30ef _build/nrf51422_xxac_ble_advertising.c.o
 .debug_info    0x000000000002412a     0x2681 _build/nrf51422_xxac_ble_conn_params.c.o
 .debug_info    0x00000000000267ab     0x1696 _build/nrf51422_xxac_ble_srv_common.c.o
 .debug_info    0x0000000000027e41      0x1fb _build/nrf51422_xxac_system_nrf51.c.o
 .debug_info    0x000000000002803c     0x286c _build/nrf51422_xxac_ble_nus.c.o
 .debug_info    0x000000000002a8a8     0x2f4d _build/nrf51422_xxac_softdevice_handler.c.o

.debug_abbrev   0x0000000000000000     0x6036
 .debug_abbrev  0x0000000000000000      0x276 _build/nrf51422_xxac_app_error.c.o
 .debug_abbrev  0x0000000000000276      0x24e _build/nrf51422_xxac_app_error_weak.c.o
 .debug_abbrev  0x00000000000004c4      0x523 _build/nrf51422_xxac_app_timer.c.o
 .debug_abbrev  0x00000000000009e7      0x393 _build/nrf51422_xxac_app_util_platform.c.o
 .debug_abbrev  0x0000000000000d7a      0x531 _build/nrf51422_xxac_fstorage.c.o
 .debug_abbrev  0x00000000000012ab      0x3e9 _build/nrf51422_xxac_boards.c.o
 .debug_abbrev  0x0000000000001694      0x5f5 _build/nrf51422_xxac_nrf_drv_clock.c.o
 .debug_abbrev  0x0000000000001c89      0x2cd _build/nrf51422_xxac_nrf_drv_common.c.o
 .debug_abbrev  0x0000000000001f56      0x5e2 _build/nrf51422_xxac_nrf_drv_gpiote.c.o
 .debug_abbrev  0x0000000000002538      0x4cc _build/nrf51422_xxac_nrf_drv_uart.c.o
 .debug_abbrev  0x0000000000002a04      0x4cf _build/nrf51422_xxac_bsp.c.o
 .debug_abbrev  0x0000000000002ed3      0x3fa _build/nrf51422_xxac_bsp_btn_ble.c.o
 .debug_abbrev  0x00000000000032cd      0x60c _build/nrf51422_xxac_main.c.o
 .debug_abbrev  0x00000000000038d9      0x2f7 _build/nrf51422_xxac_utils.c.o
 .debug_abbrev  0x0000000000003bd0      0x22f _build/nrf51422_xxac_RTT_Syscalls_GCC.c.o